Archive member included because of file (symbol)

C:\Users\SkullKill\git\skaccessLocal\ArduinoLibrary\2560_16MHz\libArduinoLibrary.a(HardwareSerial.o)
                              ./lib/AlarmSub.o (Serial)
C:\Users\SkullKill\git\skaccessLocal\ArduinoLibrary\2560_16MHz\libArduinoLibrary.a(IPAddress.o)
                              ./lib/Ethernet/Dhcp.o (vtable for IPAddress)
C:\Users\SkullKill\git\skaccessLocal\ArduinoLibrary\2560_16MHz\libArduinoLibrary.a(Print.o)
                              ./lib/Ethernet/EthernetClient.o (Print::write(unsigned char const*, unsigned int))
C:\Users\SkullKill\git\skaccessLocal\ArduinoLibrary\2560_16MHz\libArduinoLibrary.a(Tone.o)
                              ./lib/AlarmSub.o (noTone(unsigned char))
C:\Users\SkullKill\git\skaccessLocal\ArduinoLibrary\2560_16MHz\libArduinoLibrary.a(WMath.o)
                              ./lib/Ethernet/Dhcp.o (random(long, long))
C:\Users\SkullKill\git\skaccessLocal\ArduinoLibrary\2560_16MHz\libArduinoLibrary.a(WString.o)
                              C:\Users\SkullKill\git\skaccessLocal\ArduinoLibrary\2560_16MHz\libArduinoLibrary.a(Print.o) (String::operator[](unsigned int) const)
C:\Users\SkullKill\git\skaccessLocal\ArduinoLibrary\2560_16MHz\libArduinoLibrary.a(main.o)
                              c:/winavr-20100110/bin/../lib/gcc/avr/4.3.3/../../../../avr/lib/avr6/crtm2560.o (main)
C:\Users\SkullKill\git\skaccessLocal\ArduinoLibrary\2560_16MHz\libArduinoLibrary.a(new.o)
                              ./lib/Ethernet/Dhcp.o (__cxa_pure_virtual)
C:\Users\SkullKill\git\skaccessLocal\ArduinoLibrary\2560_16MHz\libArduinoLibrary.a(wiring.o)
                              ./lib/Ethernet/Dhcp.o (millis)
C:\Users\SkullKill\git\skaccessLocal\ArduinoLibrary\2560_16MHz\libArduinoLibrary.a(wiring_analog.o)
                              ./lib/AlarmSub.o (analogRead)
C:\Users\SkullKill\git\skaccessLocal\ArduinoLibrary\2560_16MHz\libArduinoLibrary.a(wiring_digital.o)
                              ./lib/SPI/SPI.o (pinMode)
c:/winavr-20100110/bin/../lib/gcc/avr/4.3.3/../../../../avr/lib/avr6\libm.a(addsf3.o)
                              ./lib/DHT11/dht11.o (__subsf3)
c:/winavr-20100110/bin/../lib/gcc/avr/4.3.3/../../../../avr/lib/avr6\libm.a(addsf3x.o)
                              c:/winavr-20100110/bin/../lib/gcc/avr/4.3.3/../../../../avr/lib/avr6\libm.a(addsf3.o) (__addsf3x)
c:/winavr-20100110/bin/../lib/gcc/avr/4.3.3/../../../../avr/lib/avr6\libm.a(cmpsf2.o)
                              C:\Users\SkullKill\git\skaccessLocal\ArduinoLibrary\2560_16MHz\libArduinoLibrary.a(Print.o) (__ltsf2)
c:/winavr-20100110/bin/../lib/gcc/avr/4.3.3/../../../../avr/lib/avr6\libm.a(divsf3.o)
                              ./lib/DHT11/dht11.o (__divsf3)
c:/winavr-20100110/bin/../lib/gcc/avr/4.3.3/../../../../avr/lib/avr6\libm.a(divsf3x.o)
                              c:/winavr-20100110/bin/../lib/gcc/avr/4.3.3/../../../../avr/lib/avr6\libm.a(divsf3.o) (__divsf3x)
c:/winavr-20100110/bin/../lib/gcc/avr/4.3.3/../../../../avr/lib/avr6\libm.a(fixsfsi.o)
                              C:\Users\SkullKill\git\skaccessLocal\ArduinoLibrary\2560_16MHz\libArduinoLibrary.a(Print.o) (__fixsfsi)
c:/winavr-20100110/bin/../lib/gcc/avr/4.3.3/../../../../avr/lib/avr6\libm.a(fixunssfsi.o)
                              C:\Users\SkullKill\git\skaccessLocal\ArduinoLibrary\2560_16MHz\libArduinoLibrary.a(Print.o) (__fixunssfsi)
c:/winavr-20100110/bin/../lib/gcc/avr/4.3.3/../../../../avr/lib/avr6\libm.a(floatsisf.o)
                              C:\Users\SkullKill\git\skaccessLocal\ArduinoLibrary\2560_16MHz\libArduinoLibrary.a(Print.o) (__floatunsisf)
c:/winavr-20100110/bin/../lib/gcc/avr/4.3.3/../../../../avr/lib/avr6\libm.a(fp_cmp.o)
                              c:/winavr-20100110/bin/../lib/gcc/avr/4.3.3/../../../../avr/lib/avr6\libm.a(cmpsf2.o) (__fp_cmp)
c:/winavr-20100110/bin/../lib/gcc/avr/4.3.3/../../../../avr/lib/avr6\libm.a(fp_inf.o)
                              c:/winavr-20100110/bin/../lib/gcc/avr/4.3.3/../../../../avr/lib/avr6\libm.a(addsf3x.o) (__fp_inf)
c:/winavr-20100110/bin/../lib/gcc/avr/4.3.3/../../../../avr/lib/avr6\libm.a(fp_nan.o)
                              c:/winavr-20100110/bin/../lib/gcc/avr/4.3.3/../../../../avr/lib/avr6\libm.a(addsf3x.o) (__fp_nan)
c:/winavr-20100110/bin/../lib/gcc/avr/4.3.3/../../../../avr/lib/avr6\libm.a(fp_pscA.o)
                              c:/winavr-20100110/bin/../lib/gcc/avr/4.3.3/../../../../avr/lib/avr6\libm.a(addsf3x.o) (__fp_pscA)
c:/winavr-20100110/bin/../lib/gcc/avr/4.3.3/../../../../avr/lib/avr6\libm.a(fp_pscB.o)
                              c:/winavr-20100110/bin/../lib/gcc/avr/4.3.3/../../../../avr/lib/avr6\libm.a(addsf3x.o) (__fp_pscB)
c:/winavr-20100110/bin/../lib/gcc/avr/4.3.3/../../../../avr/lib/avr6\libm.a(fp_round.o)
                              c:/winavr-20100110/bin/../lib/gcc/avr/4.3.3/../../../../avr/lib/avr6\libm.a(addsf3.o) (__fp_round)
[...]
Memory Configuration

Name             Origin             Length             Attributes
text             0x00000000         0x00100000         xr
data             0x00800200         0x0000fe00         rw !x
eeprom           0x00810000         0x00010000         rw !x
fuse             0x00820000         0x00000400         rw !x
lock             0x00830000         0x00000400         rw !x
signature        0x00840000         0x00000400         rw !x
*default*        0x00000000         0xffffffff

Linker script and memory map

Address of section .data set to 0x800200
LOAD c:/winavr-20100110/bin/../lib/gcc/avr/4.3.3/../../../../avr/lib/avr6/crtm2560.o
LOAD ./lib/Syslog/Syslog.o
LOAD ./lib/SPI/SPI.o
LOAD ./lib/Ethernet/utility/socket.o
LOAD ./lib/Ethernet/utility/w5100.o
LOAD ./lib/Ethernet/Dhcp.o
LOAD ./lib/Ethernet/Dns.o
LOAD ./lib/Ethernet/Ethernet.o
LOAD ./lib/Ethernet/EthernetClient.o
LOAD ./lib/Ethernet/EthernetServer.o
LOAD ./lib/Ethernet/EthernetUdp.o
LOAD ./lib/DHT11/dht11.o
LOAD ./lib/AlarmSub.o
LOAD ./lib/AlarmSystem.o
LOAD ./lib/HomeAuto.o
LOAD ./lib/Keypad.o
LOAD ./lib/Network.o
LOAD ./lib/Password.o
LOAD ./lib/Remote.o
LOAD ./lib/TimedSwitch.o
LOAD ./main.o
LOAD C:\Users\SkullKill\git\skaccessLocal\ArduinoLibrary\2560_16MHz\libArduinoLibrary.a
LOAD c:/winavr-20100110/bin/../lib/gcc/avr/4.3.3/../../../../avr/lib/avr6\libm.a
LOAD c:/winavr-20100110/bin/../lib/gcc/avr/4.3.3/../../../../avr/lib/avr6\libm.a
LOAD c:/winavr-20100110/bin/../lib/gcc/avr/4.3.3/avr6\libgcc.a
LOAD c:/winavr-20100110/bin/../lib/gcc/avr/4.3.3/../../../../avr/lib/avr6\libc.a
LOAD c:/winavr-20100110/bin/../lib/gcc/avr/4.3.3/avr6\libgcc.a

.hash
 *(.hash)

.dynsym
 *(.dynsym)

.dynstr
 *(.dynstr)

.gnu.version
 *(.gnu.version)

.gnu.version_d
 *(.gnu.version_d)

.gnu.version_r
 *(.gnu.version_r)

.rel.init
 *(.rel.init)

.rela.init
 *(.rela.init)

.rel.text
 *(.rel.text)
 *(.rel.text.*)
 *(.rel.gnu.linkonce.t*)

.rela.text
 *(.rela.text)
 *(.rela.text.*)
 *(.rela.gnu.linkonce.t*)

.rel.fini
 *(.rel.fini)

.rela.fini
 *(.rela.fini)

.rel.rodata
 *(.rel.rodata)
 *(.rel.rodata.*)
 *(.rel.gnu.linkonce.r*)

.rela.rodata
 *(.rela.rodata)
 *(.rela.rodata.*)
 *(.rela.gnu.linkonce.r*)

.rel.data
 *(.rel.data)
 *(.rel.data.*)
 *(.rel.gnu.linkonce.d*)

.rela.data
 *(.rela.data)
 *(.rela.data.*)
 *(.rela.gnu.linkonce.d*)

.rel.ctors
 *(.rel.ctors)

.rela.ctors
 *(.rela.ctors)

.rel.dtors
 *(.rel.dtors)

.rela.dtors
 *(.rela.dtors)

.rel.got
 *(.rel.got)

.rela.got
 *(.rela.got)

.rel.bss
 *(.rel.bss)

.rela.bss
 *(.rela.bss)

.rel.plt
 *(.rel.plt)

.rela.plt
 *(.rela.plt)

.text           0x00000000     0xb3d2
 *(.vectors)
 .vectors       0x00000000       0xe4 c:/winavr-20100110/bin/../lib/gcc/avr/4.3.3/../../../../avr/lib/avr6/crtm2560.o
                0x00000000                __vectors
                0x00000000                __vector_default
 *(.vectors)
 *(.progmem.gcc*)
 .progmem.gcc_fplib
                0x000000e4       0x5a c:/winavr-20100110/bin/../lib/gcc/avr/4.3.3/../../../../avr/lib/avr6\libm.a(log.o)
 .progmem.gcc_fplib
                0x0000013e       0x28 c:/winavr-20100110/bin/../lib/gcc/avr/4.3.3/../../../../avr/lib/avr6\libm.a(exp.o)
 *(.progmem*)
 .progmem.data  0x00000166        0x1 C:\Users\SkullKill\git\skaccessLocal\ArduinoLibrary\2560_16MHz\libArduinoLibrary.a(Tone.o)
 .progmem.data  0x00000167      0x120 C:\Users\SkullKill\git\skaccessLocal\ArduinoLibrary\2560_16MHz\libArduinoLibrary.a(wiring_digital.o)
                0x00000167                port_to_mode_PGM
                0x000001b5                digital_pin_to_port_PGM
                0x000001fb                digital_pin_to_bit_mask_PGM
                0x00000181                port_to_output_PGM
                0x0000019b                port_to_input_PGM
                0x00000241                digital_pin_to_timer_PGM
 .progmem.data  0x00000287       0xfa c:/winavr-20100110/bin/../lib/gcc/avr/4.3.3/../../../../avr/lib/avr6\libc.a(ftoa_engine.o)
                0x00000382                . = ALIGN (0x2)
 *fill*         0x00000381        0x1 00
                0x00000382                __trampolines_start = .
 *(.trampolines)
 .trampolines   0x00000382        0x0 linker stubs
 *(.trampolines*)
                0x00000382                __trampolines_end = .
 *(.jumptables)
 *(.jumptables*)
 *(.lowtext)
 *(.lowtext*)
                0x00000382                __ctors_start = .
 *(.ctors)
 .ctors         0x00000382        0x2 ./lib/Syslog/Syslog.o
 .ctors         0x00000384        0x2 ./lib/Ethernet/Dhcp.o
 .ctors         0x00000386        0x2 ./lib/Ethernet/Dns.o
 .ctors         0x00000388        0x2 ./lib/Ethernet/Ethernet.o
 .ctors         0x0000038a        0x2 ./lib/Ethernet/EthernetClient.o
 .ctors         0x0000038c        0x2 ./lib/Ethernet/EthernetServer.o
 .ctors         0x0000038e        0x2 ./lib/Ethernet/EthernetUdp.o
 .ctors         0x00000390        0x2 ./lib/AlarmSub.o
 .ctors         0x00000392        0x2 ./lib/AlarmSystem.o
 .ctors         0x00000394        0x2 ./lib/Network.o
 .ctors         0x00000396        0x2 ./main.o
 .ctors         0x00000398        0x2 C:\Users\SkullKill\git\skaccessLocal\ArduinoLibrary\2560_16MHz\libArduinoLibrary.a(HardwareSerial.o)
 .ctors         0x0000039a        0x2 C:\Users\SkullKill\git\skaccessLocal\ArduinoLibrary\2560_16MHz\libArduinoLibrary.a(IPAddress.o)
                0x0000039c                __ctors_end = .
                0x0000039c                __dtors_start = .
 *(.dtors)
 .dtors         0x0000039c        0x2 ./main.o
                0x0000039e                __dtors_end = .
 SORT(*)(.ctors)
 SORT(*)(.dtors)
 *(.init0)
 .init0         0x0000039e        0x0 c:/winavr-20100110/bin/../lib/gcc/avr/4.3.3/../../../../avr/lib/avr6/crtm2560.o
                0x0000039e                __init
 *(.init0)
 *(.init1)
 *(.init1)
 *(.init2)
 .init2         0x0000039e       0x10 c:/winavr-20100110/bin/../lib/gcc/avr/4.3.3/../../../../avr/lib/avr6/crtm2560.o
 *(.init2)
 *(.init3)
 *(.init3)
 *(.init4)
 .init4         0x000003ae       0x1a c:/winavr-20100110/bin/../lib/gcc/avr/4.3.3/../../../../avr/lib/avr6/crtm2560.o
                0x000003ae                __do_copy_data
 .init4         0x000003c8       0x10 c:/winavr-20100110/bin/../lib/gcc/avr/4.3.3/avr6\libgcc.a(_clear_bss.o)
                0x000003c8                __do_clear_bss
 *(.init4)
 *(.init5)
 *(.init5)
 *(.init6)
 .init6         0x000003d8       0x16 c:/winavr-20100110/bin/../lib/gcc/avr/4.3.3/avr6\libgcc.a(_ctors.o)
                0x000003d8                __do_global_ctors
 *(.init6)
 *(.init7)
 *(.init7)
 *(.init8)
 *(.init8)
 *(.init9)
 .init9         0x000003ee        0x8 c:/winavr-20100110/bin/../lib/gcc/avr/4.3.3/../../../../avr/lib/avr6/crtm2560.o
 *(.init9)
 *(.text)
 .text          0x000003f6        0x4 c:/winavr-20100110/bin/../lib/gcc/avr/4.3.3/../../../../avr/lib/avr6/crtm2560.o
                0x000003f6                __vector_38
                0x000003f6                __vector_22
                0x000003f6                __vector_28
                0x000003f6                __vector_1
                0x000003f6                __vector_32
                0x000003f6                __vector_34
                0x000003f6                __vector_24
                0x000003f6                __vector_12
                0x000003f6                __vector_46
                0x000003f6                __bad_interrupt
                0x000003f6                __vector_6
                0x000003f6                __vector_31
                0x000003f6                __vector_35
                0x000003f6                __vector_39
                0x000003f6                __vector_3
                0x000003f6                __vector_30
                0x000003f6                __vector_45
                0x000003f6                __vector_11
                0x000003f6                __vector_17
                0x000003f6                __vector_19
                0x000003f6                __vector_56
                0x000003f6                __vector_7
                0x000003f6                __vector_49
                0x000003f6                __vector_41
                0x000003f6                __vector_43
                0x000003f6                __vector_27
                0x000003f6                __vector_5
                0x000003f6                __vector_33
                0x000003f6                __vector_47
                0x000003f6                __vector_4
                0x000003f6                __vector_44
                0x000003f6                __vector_9
                0x000003f6                __vector_2
                0x000003f6                __vector_21
                0x000003f6                __vector_15
                0x000003f6                __vector_29
                0x000003f6                __vector_40
                0x000003f6                __vector_8
                0x000003f6                __vector_48
                0x000003f6                __vector_14
                0x000003f6                __vector_53
                0x000003f6                __vector_10
                0x000003f6                __vector_50
                0x000003f6                __vector_16
                0x000003f6                __vector_18
                0x000003f6                __vector_20
                0x000003f6                __vector_42
                0x000003fa                . = ALIGN (0x2)
 *(.text.*)
 .text._ZNK6String6lengthEv
                0x000003fa       0x22 ./lib/Syslog/Syslog.o
                0x000003fa                String::length() const
 .text._Z41__static_initialization_and_destruction_0ii
                0x0000041c       0x54 ./lib/Syslog/Syslog.o
 .text._GLOBAL__I_SyslogUdp
                0x00000470       0x1a ./lib/Syslog/Syslog.o
 .text._ZNK6String11toCharArrayEPcjj
                0x0000048a       0x50 ./lib/Syslog/Syslog.o
                0x0000048a                String::toCharArray(char*, unsigned int, unsigned int) const
 .text._ZN6StringpLEi
                0x000004da       0x34 ./lib/Syslog/Syslog.o
                0x000004da                String::operator+=(int)
 .text._ZN6StringpLEPKc
                0x0000050e       0x34 ./lib/Syslog/Syslog.o
                0x0000050e                String::operator+=(char const*)
 .text._ZN5Print5writeEPKc
                0x00000542       0x5c ./lib/Syslog/Syslog.o
                0x00000542                Print::write(char const*)
 .text._ZN11SyslogClass6loggerEhhPKcS1_
                0x0000059e      0x186 ./lib/Syslog/Syslog.o
                0x0000059e                SyslogClass::logger(unsigned char, unsigned char, char const*, char const*)
 .text._ZN11SyslogClass6loggerEhhR6StringS1_
                0x00000724      0x136 ./lib/Syslog/Syslog.o
                0x00000724                SyslogClass::logger(unsigned char, unsigned char, String&, String&)
 .text._ZN11SyslogClass6loggerEhhR6StringPKc
                0x0000085a       0xdc ./lib/Syslog/Syslog.o
                0x0000085a                SyslogClass::logger(unsigned char, unsigned char, String&, char const*)
 .text._ZN11SyslogClass10setLoghostEPh
                0x00000936       0x3a ./lib/Syslog/Syslog.o
                0x00000936                SyslogClass::setLoghost(unsigned char*)
 .text._ZN8SPIClass5beginEv
                0x00000970       0x5a ./lib/SPI/SPI.o
                0x00000970                SPIClass::begin()
 .text._Z10disconnecth
                0x000009ca       0x22 ./lib/Ethernet/utility/socket.o
                0x000009ca                disconnect(unsigned char)
 .text._ZN10W5100Class6readSnEhj
                0x000009ec       0x34 ./lib/Ethernet/utility/socket.o
                0x000009ec                W5100Class::readSn(unsigned char, unsigned int)
 .text._ZN10W5100Class8readSnIREh
                0x00000a20       0x1e ./lib/Ethernet/utility/socket.o
                0x00000a20                W5100Class::readSnIR(unsigned char)
 .text._ZN10W5100Class8readSnSREh
                0x00000a3e       0x1e ./lib/Ethernet/utility/socket.o
                0x00000a3e                W5100Class::readSnSR(unsigned char)
 .text._Z6listenh
                0x00000a5c       0x46 ./lib/Ethernet/utility/socket.o
                0x00000a5c                listen(unsigned char)
 .text._ZN10W5100Class11readSnRX_RDEh
                0x00000aa2       0x6e ./lib/Ethernet/utility/socket.o
                0x00000aa2                W5100Class::readSnRX_RD(unsigned char)
 .text._ZN10W5100Class7writeSnEhjh
                0x00000b10       0x3c ./lib/Ethernet/utility/socket.o
                0x00000b10                W5100Class::writeSn(unsigned char, unsigned int, unsigned char)
 .text._ZN10W5100Class9writeSnIREhh
                0x00000b4c       0x26 ./lib/Ethernet/utility/socket.o
                0x00000b4c                W5100Class::writeSnIR(unsigned char, unsigned char)
 .text._Z7sendUDPh
                0x00000b72       0x8e ./lib/Ethernet/utility/socket.o
                0x00000b72                sendUDP(unsigned char)
 .text._Z5closeh
                0x00000c00       0x2a ./lib/Ethernet/utility/socket.o
                0x00000c00                close(unsigned char)
 .text._ZN10W5100Class12writeSnDPORTEhj
                0x00000c2a       0x40 ./lib/Ethernet/utility/socket.o
                0x00000c2a                W5100Class::writeSnDPORT(unsigned char, unsigned int)
 .text._ZN10W5100Class12writeSnRX_RDEhj
                0x00000c6a       0x40 ./lib/Ethernet/utility/socket.o
                0x00000c6a                W5100Class::writeSnRX_RD(unsigned char, unsigned int)
 .text._ZN10W5100Class9writeSnMREhh
                0x00000caa       0x26 ./lib/Ethernet/utility/socket.o
                0x00000caa                W5100Class::writeSnMR(unsigned char, unsigned char)
 .text._ZN10W5100Class11writeSnPORTEhj
                0x00000cd0       0x40 ./lib/Ethernet/utility/socket.o
                0x00000cd0                W5100Class::writeSnPORT(unsigned char, unsigned int)
 .text._Z6sockethhjh
                0x00000d10       0xaa ./lib/Ethernet/utility/socket.o
                0x00000d10                socket(unsigned char, unsigned char, unsigned int, unsigned char)
 .text._ZN10W5100Class7writeSnEhjPhj
                0x00000dba       0x56 ./lib/Ethernet/utility/socket.o
                0x00000dba                W5100Class::writeSn(unsigned char, unsigned int, unsigned char*, unsigned int)
 .text._ZN10W5100Class11writeSnDIPREhPh
                0x00000e10       0x30 ./lib/Ethernet/utility/socket.o
                0x00000e10                W5100Class::writeSnDIPR(unsigned char, unsigned char*)
 .text._Z8startUDPhPhj
                0x00000e40       0x96 ./lib/Ethernet/utility/socket.o
                0x00000e40                startUDP(unsigned char, unsigned char*, unsigned int)
 .text._Z7connecthPhj
                0x00000ed6       0xc8 ./lib/Ethernet/utility/socket.o
                0x00000ed6                connect(unsigned char, unsigned char*, unsigned int)
 .text._Z10bufferDatahjPKhj
                0x00000f9e       0x9a ./lib/Ethernet/utility/socket.o
                0x00000f9e                bufferData(unsigned char, unsigned int, unsigned char const*, unsigned int)
 .text._Z4sendhPKhj
                0x00001038      0x108 ./lib/Ethernet/utility/socket.o
                0x00001038                send(unsigned char, unsigned char const*, unsigned int)
 .text._Z4peekhPh
                0x00001140       0x3a ./lib/Ethernet/utility/socket.o
                0x00001140                peek(unsigned char, unsigned char*)
 .text._Z4recvhPhi
                0x0000117a       0xbe ./lib/Ethernet/utility/socket.o
                0x0000117a                recv(unsigned char, unsigned char*, int)
 .text._ZN8SPIClass8transferEh
                0x00001238       0x3c ./lib/Ethernet/utility/w5100.o
                0x00001238                SPIClass::transfer(unsigned char)
 .text._ZN10W5100Class6initSSEv
                0x00001274       0x1c ./lib/Ethernet/utility/w5100.o
                0x00001274                W5100Class::initSS()
 .text._ZN10W5100Class5setSSEv
                0x00001290       0x1c ./lib/Ethernet/utility/w5100.o
                0x00001290                W5100Class::setSS()
 .text._ZN10W5100Class7resetSSEv
                0x000012ac       0x1c ./lib/Ethernet/utility/w5100.o
                0x000012ac                W5100Class::resetSS()
 .text._ZN10W5100Class5writeEjh
                0x000012c8       0x44 ./lib/Ethernet/utility/w5100.o
                0x000012c8                W5100Class::write(unsigned int, unsigned char)
 .text._ZN10W5100Class9writeSnCREhh
                0x0000130c       0x26 ./lib/Ethernet/utility/w5100.o
                0x0000130c                W5100Class::writeSnCR(unsigned char, unsigned char)
 .text._ZN10W5100Class12writeSnTX_WREhj
                0x00001332       0x40 ./lib/Ethernet/utility/w5100.o
                0x00001332                W5100Class::writeSnTX_WR(unsigned char, unsigned int)
 .text._ZN10W5100Class7writeMREh
                0x00001372       0x1e ./lib/Ethernet/utility/w5100.o
                0x00001372                W5100Class::writeMR(unsigned char)
 .text._ZN10W5100Class9writeTMSREh
                0x00001390       0x1e ./lib/Ethernet/utility/w5100.o
                0x00001390                W5100Class::writeTMSR(unsigned char)
 .text._ZN10W5100Class9writeRMSREh
                0x000013ae       0x1e ./lib/Ethernet/utility/w5100.o
                0x000013ae                W5100Class::writeRMSR(unsigned char)
 .text._ZN10W5100Class5writeEjPKhj
                0x000013cc       0x92 ./lib/Ethernet/utility/w5100.o
                0x000013cc                W5100Class::write(unsigned int, unsigned char const*, unsigned int)
 .text._ZN10W5100Class4readEj
                0x0000145e       0x44 ./lib/Ethernet/utility/w5100.o
                0x0000145e                W5100Class::read(unsigned int)
 .text._ZN10W5100Class8readSnCREh
                0x000014a2       0x1e ./lib/Ethernet/utility/w5100.o
                0x000014a2                W5100Class::readSnCR(unsigned char)
 .text._ZN10W5100Class11readSnTX_WREh
                0x000014c0       0x6e ./lib/Ethernet/utility/w5100.o
                0x000014c0                W5100Class::readSnTX_WR(unsigned char)
 .text._ZN10W5100Class27send_data_processing_offsetEhjPKhj
                0x0000152e      0x12e ./lib/Ethernet/utility/w5100.o
                0x0000152e                W5100Class::send_data_processing_offset(unsigned char, unsigned int, unsigned char const*, unsigned int)
 .text._ZN10W5100Class20send_data_processingEhPKhj
                0x0000165c       0x54 ./lib/Ethernet/utility/w5100.o
                0x0000165c                W5100Class::send_data_processing(unsigned char, unsigned char const*, unsigned int)
 .text._ZN10W5100Class12readSnRX_RSREh
                0x000016b0       0x6e ./lib/Ethernet/utility/w5100.o
                0x000016b0                W5100Class::readSnRX_RSR(unsigned char)
 .text._ZN10W5100Class17getRXReceivedSizeEh
                0x0000171e       0x62 ./lib/Ethernet/utility/w5100.o
                0x0000171e                W5100Class::getRXReceivedSize(unsigned char)
 .text._ZN10W5100Class12readSnTX_FSREh
                0x00001780       0x6e ./lib/Ethernet/utility/w5100.o
                0x00001780                W5100Class::readSnTX_FSR(unsigned char)
 .text._ZN10W5100Class13getTXFreeSizeEh
                0x000017ee       0x62 ./lib/Ethernet/utility/w5100.o
                0x000017ee                W5100Class::getTXFreeSize(unsigned char)
 .text._ZN10W5100Class4readEjPhj
                0x00001850       0x9e ./lib/Ethernet/utility/w5100.o
                0x00001850                W5100Class::read(unsigned int, unsigned char*, unsigned int)
 .text._ZN10W5100Class9read_dataEhPVhS1_j
                0x000018ee      0x102 ./lib/Ethernet/utility/w5100.o
                0x000018ee                W5100Class::read_data(unsigned char, unsigned char volatile*, unsigned char volatile*, unsigned int)
 .text._ZN10W5100Class20recv_data_processingEhPhjh
                0x000019f0       0x86 ./lib/Ethernet/utility/w5100.o
                0x000019f0                W5100Class::recv_data_processing(unsigned char, unsigned char*, unsigned int, unsigned char)
 .text._ZN10W5100Class9execCmdSnEh7SockCMD
                0x00001a76       0x4a ./lib/Ethernet/utility/w5100.o
                0x00001a76                W5100Class::execCmdSn(unsigned char, SockCMD)
 .text._ZN10W5100Class4initEv
                0x00001ac0       0xb4 ./lib/Ethernet/utility/w5100.o
                0x00001ac0                W5100Class::init()
 .text._ZN9IPAddresseqERKS_
                0x00001b74       0x58 ./lib/Ethernet/Dhcp.o
                0x00001b74                IPAddress::operator==(IPAddress const&)
 .text._ZN9PrintableC2ERKS_
                0x00001bcc       0x2e ./lib/Ethernet/Dhcp.o
                0x00001bcc                Printable::Printable(Printable const&)
 .text._ZN9IPAddressC1ERKS_
                0x00001bfa       0x54 ./lib/Ethernet/Dhcp.o
                0x00001bfa                IPAddress::IPAddress(IPAddress const&)
 .text._ZN11EthernetUDP8remoteIPEv
                0x00001c4e       0x3c ./lib/Ethernet/Dhcp.o
                0x00001c4e                EthernetUDP::remoteIP()
 .text._ZN11EthernetUDP10remotePortEv
                0x00001c8a       0x22 ./lib/Ethernet/Dhcp.o
                0x00001c8a                EthernetUDP::remotePort()
 .text._Z41__static_initialization_and_destruction_0ii
                0x00001cac       0x4c ./lib/Ethernet/Dhcp.o
 .text._GLOBAL__I__ZN9DhcpClass13beginWithDHCPEPhmm
                0x00001cf8       0x1a ./lib/Ethernet/Dhcp.o
 .text._ZN9IPAddress11raw_addressEv
                0x00001d12       0x20 ./lib/Ethernet/Dns.o
                0x00001d12                IPAddress::raw_address()
 .text._ZN9IPAddresscvmEv
                0x00001d32       0x2e ./lib/Ethernet/Dns.o
                0x00001d32                IPAddress::operator unsigned long()
 .text._ZN9IPAddressixEi
                0x00001d60       0x34 ./lib/Ethernet/Dns.o
                0x00001d60                IPAddress::operator[](int)
 .text._ZN9PrintableaSERKS_
                0x00001d94       0x26 ./lib/Ethernet/Dns.o
                0x00001d94                Printable::operator=(Printable const&)
 .text._ZN9IPAddressaSERKS_
                0x00001dba       0x4c ./lib/Ethernet/Dns.o
                0x00001dba                IPAddress::operator=(IPAddress const&)
 .text._ZN9DNSClient5beginERK9IPAddress
                0x00001e06       0x38 ./lib/Ethernet/Dns.o
                0x00001e06                DNSClient::begin(IPAddress const&)
 .text._ZN9DNSClient9inet_atonEPKcR9IPAddress
                0x00001e3e      0x15c ./lib/Ethernet/Dns.o
                0x00001e3e                DNSClient::inet_aton(char const*, IPAddress&)
 .text._Z41__static_initialization_and_destruction_0ii
                0x00001f9a       0x4c ./lib/Ethernet/Dns.o
 .text._GLOBAL__I__ZN9DNSClient5beginERK9IPAddress
                0x00001fe6       0x1a ./lib/Ethernet/Dns.o
 .text._ZN9DNSClient15ProcessResponseEjR9IPAddress
                0x00002000      0x4c8 ./lib/Ethernet/Dns.o
                0x00002000                DNSClient::ProcessResponse(unsigned int, IPAddress&)
 .text._ZN9DNSClient12BuildRequestEPKc
                0x000024c8      0x1e8 ./lib/Ethernet/Dns.o
                0x000024c8                DNSClient::BuildRequest(char const*)
 .text._ZN9DNSClient13getHostByNameEPKcR9IPAddress
                0x000026b0      0x18a ./lib/Ethernet/Dns.o
                0x000026b0                DNSClient::getHostByName(char const*, IPAddress&)
 .text._ZN13EthernetClass11dnsServerIPEv
                0x0000283a       0x34 ./lib/Ethernet/Ethernet.o
                0x0000283a                EthernetClass::dnsServerIP()
 .text._ZN13EthernetClassC1Ev
                0x0000286e       0x22 ./lib/Ethernet/Ethernet.o
                0x0000286e                EthernetClass::EthernetClass()
 .text._Z41__static_initialization_and_destruction_0ii
                0x00002890       0x54 ./lib/Ethernet/Ethernet.o
 .text._GLOBAL__I__ZN13EthernetClass6_stateE
                0x000028e4       0x1a ./lib/Ethernet/Ethernet.o
 .text._ZN10W5100Class8readSIPREPh
                0x000028fe       0x2c ./lib/Ethernet/Ethernet.o
                0x000028fe                W5100Class::readSIPR(unsigned char*)
 .text._ZN10W5100Class12getIPAddressEPh
                0x0000292a       0x2a ./lib/Ethernet/Ethernet.o
                0x0000292a                W5100Class::getIPAddress(unsigned char*)
 .text._ZN13EthernetClass7localIPEv
                0x00002954       0x50 ./lib/Ethernet/Ethernet.o
                0x00002954                EthernetClass::localIP()
 .text._ZN10W5100Class9writeSIPREPh
                0x000029a4       0x2c ./lib/Ethernet/Ethernet.o
                0x000029a4                W5100Class::writeSIPR(unsigned char*)
 .text._ZN10W5100Class12setIPAddressEPh
                0x000029d0       0x2a ./lib/Ethernet/Ethernet.o
                0x000029d0                W5100Class::setIPAddress(unsigned char*)
 .text._ZN10W5100Class8writeGAREPh
                0x000029fa       0x2c ./lib/Ethernet/Ethernet.o
                0x000029fa                W5100Class::writeGAR(unsigned char*)
 .text._ZN10W5100Class12setGatewayIpEPh
                0x00002a26       0x2a ./lib/Ethernet/Ethernet.o
                0x00002a26                W5100Class::setGatewayIp(unsigned char*)
 .text._ZN10W5100Class9writeSUBREPh
                0x00002a50       0x2c ./lib/Ethernet/Ethernet.o
                0x00002a50                W5100Class::writeSUBR(unsigned char*)
 .text._ZN10W5100Class13setSubnetMaskEPh
                0x00002a7c       0x2a ./lib/Ethernet/Ethernet.o
                0x00002a7c                W5100Class::setSubnetMask(unsigned char*)
 .text._ZN10W5100Class9writeSHAREPh
                0x00002aa6       0x2c ./lib/Ethernet/Ethernet.o
                0x00002aa6                W5100Class::writeSHAR(unsigned char*)
 .text._ZN10W5100Class13setMACAddressEPh
                0x00002ad2       0x2a ./lib/Ethernet/Ethernet.o
                0x00002ad2                W5100Class::setMACAddress(unsigned char*)
 .text._ZN13EthernetClass5beginEPh9IPAddressS1_S1_S1_
                0x00002afc       0xae ./lib/Ethernet/Ethernet.o
                0x00002afc                EthernetClass::begin(unsigned char*, IPAddress, IPAddress, IPAddress, IPAddress)
 .text._ZN5Print13setWriteErrorEi
                0x00002baa       0x2e ./lib/Ethernet/EthernetClient.o
                0x00002baa                Print::setWriteError(int)
 .text._ZN5PrintC2Ev
                0x00002bd8       0x2e ./lib/Ethernet/EthernetClient.o
                0x00002bd8                Print::Print()
 .text._ZN6StreamC2Ev
                0x00002c06       0x42 ./lib/Ethernet/EthernetClient.o
                0x00002c06                Stream::Stream()
 .text._ZN6Client12rawIPAddressER9IPAddress
                0x00002c48       0x2a ./lib/Ethernet/EthernetClient.o
                0x00002c48                Client::rawIPAddress(IPAddress&)
 .text._ZN6ClientC2Ev
                0x00002c72       0x2e ./lib/Ethernet/EthernetClient.o
                0x00002c72                Client::Client()
 .text._ZN14EthernetClientC1Ev
                0x00002ca0       0x36 ./lib/Ethernet/EthernetClient.o
                0x00002ca0                EthernetClient::EthernetClient()
 .text._ZN14EthernetClientC1Eh
                0x00002cd6       0x38 ./lib/Ethernet/EthernetClient.o
                0x00002cd6                EthernetClient::EthernetClient(unsigned char)
 .text._ZN14EthernetClient5writeEh
                0x00002d0e       0x40 ./lib/Ethernet/EthernetClient.o
                0x00002d0e                EthernetClient::write(unsigned char)
 .text._ZN14EthernetClient5flushEv
                0x00002d4e       0x5c ./lib/Ethernet/EthernetClient.o
                0x00002d4e                EthernetClient::flush()
 .text._ZN14EthernetClientcvbEv
                0x00002daa       0x2c ./lib/Ethernet/EthernetClient.o
                0x00002daa                EthernetClient::operator bool()
 .text._Z41__static_initialization_and_destruction_0ii
                0x00002dd6       0x4c ./lib/Ethernet/EthernetClient.o
 .text._GLOBAL__I__ZN14EthernetClient8_srcportE
                0x00002e22       0x1a ./lib/Ethernet/EthernetClient.o
 .text._ZN10W5100Class6readSnEhjPhj
                0x00002e3c       0x56 ./lib/Ethernet/EthernetClient.o
                0x00002e3c                W5100Class::readSn(unsigned char, unsigned int, unsigned char*, unsigned int)
 .text._ZN10W5100Class10readSnDIPREhPh
                0x00002e92       0x30 ./lib/Ethernet/EthernetClient.o
                0x00002e92                W5100Class::readSnDIPR(unsigned char, unsigned char*)
 .text._ZN14EthernetClient11getRemoteIPEPh
                0x00002ec2       0x36 ./lib/Ethernet/EthernetClient.o
                0x00002ec2                EthernetClient::getRemoteIP(unsigned char*)
 .text._ZN14EthernetClient6statusEv
                0x00002ef8       0x36 ./lib/Ethernet/EthernetClient.o
                0x00002ef8                EthernetClient::status()
 .text._ZN14EthernetClient9connectedEv
                0x00002f2e       0x7c ./lib/Ethernet/EthernetClient.o
                0x00002f2e                EthernetClient::connected()
 .text._ZN14EthernetClient4stopEv
                0x00002faa       0xe4 ./lib/Ethernet/EthernetClient.o
                0x00002faa                EthernetClient::stop()
 .text._ZN14EthernetClient4peekEv
                0x0000308e       0x74 ./lib/Ethernet/EthernetClient.o
                0x0000308e                EthernetClient::peek()
 .text._ZN14EthernetClient4readEPhj
                0x00003102       0x3e ./lib/Ethernet/EthernetClient.o
                0x00003102                EthernetClient::read(unsigned char*, unsigned int)
 .text._ZN14EthernetClient4readEv
                0x00003140       0x62 ./lib/Ethernet/EthernetClient.o
                0x00003140                EthernetClient::read()
 .text._ZN14EthernetClient9availableEv
                0x000031a2       0x46 ./lib/Ethernet/EthernetClient.o
                0x000031a2                EthernetClient::available()
 .text._ZN14EthernetClient5writeEPKhj
                0x000031e8       0x90 ./lib/Ethernet/EthernetClient.o
                0x000031e8                EthernetClient::write(unsigned char const*, unsigned int)
 .text._ZN14EthernetClient7connectE9IPAddressj
                0x00003278      0x16c ./lib/Ethernet/EthernetClient.o
                0x00003278                EthernetClient::connect(IPAddress, unsigned int)
 .text._ZN9DNSClientC1Ev
                0x000033e4       0x2c ./lib/Ethernet/EthernetClient.o
                0x000033e4                DNSClient::DNSClient()
 .text._ZN14EthernetClient7connectEPKcj
                0x00003410       0xd4 ./lib/Ethernet/EthernetClient.o
                0x00003410                EthernetClient::connect(char const*, unsigned int)
 .text._ZN6ServerC2Ev
                0x000034e4       0x2e ./lib/Ethernet/EthernetServer.o
                0x000034e4                Server::Server()
 .text._ZN14EthernetServerC1Ev
                0x00003512       0x2e ./lib/Ethernet/EthernetServer.o
                0x00003512                EthernetServer::EthernetServer()
 .text._ZN14EthernetServer5setupEj
                0x00003540       0x2e ./lib/Ethernet/EthernetServer.o
                0x00003540                EthernetServer::setup(unsigned int)
 .text._ZN5PrintC2ERKS_
                0x0000356e       0x3e ./lib/Ethernet/EthernetServer.o
                0x0000356e                Print::Print(Print const&)
 .text._ZN6StreamC2ERKS_
                0x000035ac       0x6c ./lib/Ethernet/EthernetServer.o
                0x000035ac                Stream::Stream(Stream const&)
 .text._ZN6ClientC2ERKS_
                0x00003618       0x3c ./lib/Ethernet/EthernetServer.o
                0x00003618                Client::Client(Client const&)
 .text._ZN14EthernetClientC1ERKS_
                0x00003654       0x48 ./lib/Ethernet/EthernetServer.o
                0x00003654                EthernetClient::EthernetClient(EthernetClient const&)
 .text._ZN14EthernetServer5writeEh
                0x0000369c       0x40 ./lib/Ethernet/EthernetServer.o
                0x0000369c                EthernetServer::write(unsigned char)
 .text._Z41__static_initialization_and_destruction_0ii
                0x000036dc       0x4c ./lib/Ethernet/EthernetServer.o
 .text._GLOBAL__I__ZN14EthernetServerC2Ev
                0x00003728       0x1a ./lib/Ethernet/EthernetServer.o
 .text._ZN14EthernetServer6acceptEv
                0x00003742       0xe6 ./lib/Ethernet/EthernetServer.o
                0x00003742                EthernetServer::accept()
 .text._ZN14EthernetServer5writeEPKhj
                0x00003828       0xc2 ./lib/Ethernet/EthernetServer.o
                0x00003828                EthernetServer::write(unsigned char const*, unsigned int)
 .text._ZN14EthernetServer9availableEv
                0x000038ea       0xe0 ./lib/Ethernet/EthernetServer.o
                0x000038ea                EthernetServer::available()
 .text._ZN14EthernetServer5beginEv
                0x000039ca       0x9e ./lib/Ethernet/EthernetServer.o
                0x000039ca                EthernetServer::begin()
 .text._ZN3UDP12rawIPAddressER9IPAddress
                0x00003a68       0x2a ./lib/Ethernet/EthernetUdp.o
                0x00003a68                UDP::rawIPAddress(IPAddress&)
 .text._ZN11EthernetUDP4readEPcj
                0x00003a92       0x4e ./lib/Ethernet/EthernetUdp.o
                0x00003a92                EthernetUDP::read(char*, unsigned int)
 .text._ZN3UDPC2Ev
                0x00003ae0       0x2e ./lib/Ethernet/EthernetUdp.o
                0x00003ae0                UDP::UDP()
 .text._ZN11EthernetUDP9availableEv
                0x00003b0e       0x22 ./lib/Ethernet/EthernetUdp.o
                0x00003b0e                EthernetUDP::available()
 .text._ZN11EthernetUDP5writeEh
                0x00003b30       0x40 ./lib/Ethernet/EthernetUdp.o
                0x00003b30                EthernetUDP::write(unsigned char)
 .text._ZN11EthernetUDP5flushEv
                0x00003b70       0x40 ./lib/Ethernet/EthernetUdp.o
                0x00003b70                EthernetUDP::flush()
 .text._Z41__static_initialization_and_destruction_0ii
                0x00003bb0       0x4c ./lib/Ethernet/EthernetUdp.o
 .text._GLOBAL__I__ZN11EthernetUDPC2Ev
                0x00003bfc       0x1a ./lib/Ethernet/EthernetUdp.o
 .text._ZN11EthernetUDP4peekEv
                0x00003c16       0x58 ./lib/Ethernet/EthernetUdp.o
                0x00003c16                EthernetUDP::peek()
 .text._ZN11EthernetUDP4readEPhj
                0x00003c6e       0xc8 ./lib/Ethernet/EthernetUdp.o
                0x00003c6e                EthernetUDP::read(unsigned char*, unsigned int)
 .text._ZN11EthernetUDP4readEv
                0x00003d36       0x82 ./lib/Ethernet/EthernetUdp.o
                0x00003d36                EthernetUDP::read()
 .text._ZN11EthernetUDP11parsePacketEv
                0x00003db8      0x114 ./lib/Ethernet/EthernetUdp.o
                0x00003db8                EthernetUDP::parsePacket()
 .text._ZN11EthernetUDP5writeEPKhj
                0x00003ecc       0x70 ./lib/Ethernet/EthernetUdp.o
                0x00003ecc                EthernetUDP::write(unsigned char const*, unsigned int)
 .text._ZN11EthernetUDP9endPacketEv
                0x00003f3c       0x24 ./lib/Ethernet/EthernetUdp.o
                0x00003f3c                EthernetUDP::endPacket()
 .text._ZN11EthernetUDP11beginPacketE9IPAddressj
                0x00003f60       0x58 ./lib/Ethernet/EthernetUdp.o
                0x00003f60                EthernetUDP::beginPacket(IPAddress, unsigned int)
 .text._ZN11EthernetUDPC1Ev
                0x00003fb8       0x40 ./lib/Ethernet/EthernetUdp.o
                0x00003fb8                EthernetUDP::EthernetUDP()
 .text._ZN11EthernetUDP11beginPacketEPKcj
                0x00003ff8       0xd4 ./lib/Ethernet/EthernetUdp.o
                0x00003ff8                EthernetUDP::beginPacket(char const*, unsigned int)
 .text._ZN11EthernetUDP4stopEv
                0x000040cc       0x4e ./lib/Ethernet/EthernetUdp.o
                0x000040cc                EthernetUDP::stop()
 .text._ZN11EthernetUDP5beginEj
                0x0000411a       0xb4 ./lib/Ethernet/EthernetUdp.o
                0x0000411a                EthernetUDP::begin(unsigned int)
 .text._ZN5dht114readEa
                0x000041ce      0x26c ./lib/DHT11/dht11.o
                0x000041ce                dht11::read(signed char)
 .text._ZN5dht118dewPointEdd
                0x0000443a      0x2ee ./lib/DHT11/dht11.o
                0x0000443a                dht11::dewPoint(double, double)
 .text._ZN5dht118dewPointEv
                0x00004728       0x7e ./lib/DHT11/dht11.o
                0x00004728                dht11::dewPoint()
 .text._ZN8AlarmSub10checkAlertEv
                0x000047a6       0x2e ./lib/AlarmSub.o
                0x000047a6                AlarmSub::checkAlert()
 .text._Z41__static_initialization_and_destruction_0ii
                0x000047d4       0x4c ./lib/AlarmSub.o
 .text._GLOBAL__I__ZN8AlarmSubC2Ev
                0x00004820       0x1a ./lib/AlarmSub.o
 .text._ZN6Waiter5resetEv
                0x0000483a       0x44 ./lib/AlarmSub.o
                0x0000483a                Waiter::reset()
 .text._ZN6Waiter4waitEm
                0x0000487e       0xac ./lib/AlarmSub.o
                0x0000487e                Waiter::wait(unsigned long)
 .text._ZN6WaiterC1Ev
                0x0000492a       0x34 ./lib/AlarmSub.o
                0x0000492a                Waiter::Waiter()
 .text._ZN8AlarmSub8alarmArmEm
                0x0000495e      0x214 ./lib/AlarmSub.o
                0x0000495e                AlarmSub::alarmArm(unsigned long)
 .text._ZN6StringpLERKS_
                0x00004b72       0x34 ./lib/AlarmSub.o
                0x00004b72                String::operator+=(String const&)
 .text._ZN8AlarmSub17querySensorStatusEh
                0x00004ba6      0x162 ./lib/AlarmSub.o
                0x00004ba6                AlarmSub::querySensorStatus(unsigned char)
 .text._ZN8AlarmSub17queryStrobeStatusEv
                0x00004d08       0xaa ./lib/AlarmSub.o
                0x00004d08                AlarmSub::queryStrobeStatus()
 .text._ZN8AlarmSub16querySirenStatusEv
                0x00004db2       0xa8 ./lib/AlarmSub.o
                0x00004db2                AlarmSub::querySirenStatus()
 .text._ZN8AlarmSub16queryArmedStatusEv
                0x00004e5a       0xaa ./lib/AlarmSub.o
                0x00004e5a                AlarmSub::queryArmedStatus()
 .text._ZN8AlarmSub11checkSensorEhh
                0x00004f04       0xaa ./lib/AlarmSub.o
                0x00004f04                AlarmSub::checkSensor(unsigned char, unsigned char)
 .text._ZN8AlarmSub10alarmCheckEhh
                0x00004fae      0x29c ./lib/AlarmSub.o
                0x00004fae                AlarmSub::alarmCheck(unsigned char, unsigned char)
 .text._ZN8AlarmSub13alarmCheckAllEv
                0x0000524a      0x208 ./lib/AlarmSub.o
                0x0000524a                AlarmSub::alarmCheckAll()
 .text._ZN8AlarmSub5panicEv
                0x00005452       0xbe ./lib/AlarmSub.o
                0x00005452                AlarmSub::panic()
 .text._ZN8AlarmSub8unArmingEv
                0x00005510      0x106 ./lib/AlarmSub.o
                0x00005510                AlarmSub::unArming()
 .text._ZN8AlarmSub6armingEv
                0x00005616       0xea ./lib/AlarmSub.o
                0x00005616                AlarmSub::arming()
 .text._ZN8AlarmSub12armingToggleEv
                0x00005700       0x4a ./lib/AlarmSub.o
                0x00005700                AlarmSub::armingToggle()
 .text._ZN8AlarmSub11setupCommonEv
                0x0000574a      0x168 ./lib/AlarmSub.o
                0x0000574a                AlarmSub::setupCommon()
 .text._ZN8AlarmSub5setupEP16AlarmSubStruct_t
                0x000058b2      0x14e ./lib/AlarmSub.o
                0x000058b2                AlarmSub::setup(AlarmSubStruct_t*)
 .text._ZN8AlarmSubC1Ev
                0x00005a00       0x74 ./lib/AlarmSub.o
                0x00005a00                AlarmSub::AlarmSub()
 .text._Z41__static_initialization_and_destruction_0ii
                0x00005a74       0x4c ./lib/AlarmSystem.o
 .text._GLOBAL__I__ZN11AlarmSystemC2Ev
                0x00005ac0       0x1a ./lib/AlarmSystem.o
 .text._ZN11AlarmSystem15networkCheckAllEv
                0x00005ada       0x32 ./lib/AlarmSystem.o
                0x00005ada                AlarmSystem::networkCheckAll()
 .text._ZN11AlarmSystem13alarmCheckAllEv
                0x00005b0c       0x24 ./lib/AlarmSystem.o
                0x00005b0c                AlarmSystem::alarmCheckAll()
 .text._ZN11AlarmSystem12armingToggleEv
                0x00005b30       0x24 ./lib/AlarmSystem.o
                0x00005b30                AlarmSystem::armingToggle()
 .text._ZN11AlarmSystem13checkHomeAutoEv
                0x00005b54       0x32 ./lib/AlarmSystem.o
                0x00005b54                AlarmSystem::checkHomeAuto()
 .text._ZN11AlarmSystem11checkRemoteEv
                0x00005b86       0x26 ./lib/AlarmSystem.o
                0x00005b86                AlarmSystem::checkRemote()
 .text._ZN11AlarmSystem11setupCommonEv
                0x00005bac      0x14e ./lib/AlarmSystem.o
                0x00005bac                AlarmSystem::setupCommon()
 .text._ZN11AlarmSystem5setupEP13AlarmStruct_t
                0x00005cfa       0xa8 ./lib/AlarmSystem.o
                0x00005cfa                AlarmSystem::setup(AlarmStruct_t*)
 .text._ZN11AlarmSystemC1Ev
                0x00005da2       0x48 ./lib/AlarmSystem.o
                0x00005da2                AlarmSystem::AlarmSystem()
 .text._ZN8HomeAuto15queryTempSensorEv
                0x00005dea       0x20 ./lib/HomeAuto.o
                0x00005dea                HomeAuto::queryTempSensor()
 .text._ZN8HomeAuto10checkDHT11Ev
                0x00005e0a      0x1c8 ./lib/HomeAuto.o
                0x00005e0a                HomeAuto::checkDHT11()
 .text._ZN8HomeAuto12toggleGarageEv
                0x00005fd2       0x46 ./lib/HomeAuto.o
                0x00005fd2                HomeAuto::toggleGarage()
 .text._ZN8HomeAuto11checkGarageEv
                0x00006018      0x128 ./lib/HomeAuto.o
                0x00006018                HomeAuto::checkGarage()
 .text._ZN8HomeAuto11setupCommonEv
                0x00006140       0x98 ./lib/HomeAuto.o
                0x00006140                HomeAuto::setupCommon()
 .text._ZN8HomeAuto5setupEP16HomeAutoStruct_t
                0x000061d8       0x92 ./lib/HomeAuto.o
                0x000061d8                HomeAuto::setup(HomeAutoStruct_t*)
 .text._ZN8HomeAutoC1Ev
                0x0000626a       0x58 ./lib/HomeAuto.o
                0x0000626a                HomeAuto::HomeAuto()
 .text._ZN6Keypad5beginEPc
                0x000062c2       0x2e ./lib/Keypad.o
                0x000062c2                Keypad::begin(char*)
 .text._ZN6Keypad8getStateEv
                0x000062f0       0x22 ./lib/Keypad.o
                0x000062f0                Keypad::getState()
 .text._ZN6Keypad15setDebounceTimeEj
                0x00006312       0x2e ./lib/Keypad.o
                0x00006312                Keypad::setDebounceTime(unsigned int)
 .text._ZN6Keypad11setHoldTimeEj
                0x00006340       0x2e ./lib/Keypad.o
                0x00006340                Keypad::setHoldTime(unsigned int)
 .text._ZN6Keypad16addEventListenerEPFvcE
                0x0000636e       0x2e ./lib/Keypad.o
                0x0000636e                Keypad::addEventListener(void (*)(char))
 .text._ZN6Keypad12transitionToE11KeypadState
                0x0000639c       0x5e ./lib/Keypad.o
                0x0000639c                Keypad::transitionTo(KeypadState)
 .text._ZN6Keypad14initializePinsEv
                0x000063fa       0xd6 ./lib/Keypad.o
                0x000063fa                Keypad::initializePins()
 .text._ZN6KeypadC1EPcPhS1_hh
                0x000064d0       0xd4 ./lib/Keypad.o
                0x000064d0                Keypad::Keypad(char*, unsigned char*, unsigned char*, unsigned char, unsigned char)
 .text._ZN6Keypad6getKeyEv
                0x000065a4      0x31a ./lib/Keypad.o
                0x000065a4                Keypad::getKey()
 .text._ZN6Waiter10resetresetEv
                0x000068be       0x20 ./lib/Network.o
                0x000068be                Waiter::resetreset()
 .text._ZN7Network7freeRamEv
                0x000068de       0x9a ./lib/Network.o
                0x000068de                Network::freeRam()
 .text._Z41__static_initialization_and_destruction_0ii
                0x00006978       0x4c ./lib/Network.o
 .text._GLOBAL__I__ZN7NetworkC2Ev
                0x000069c4       0x1a ./lib/Network.o
 .text._ZN6StringpLEh
                0x000069de       0x2a ./lib/Network.o
                0x000069de                String::operator+=(unsigned char)
 .text._ZN7Network7ipToStrEPhP6String
                0x00006a08       0x72 ./lib/Network.o
                0x00006a08                Network::ipToStr(unsigned char*, String*)
 .text._ZN7Network9statusAllE14EthernetClient
                0x00006a7a      0x264 ./lib/Network.o
                0x00006a7a                Network::statusAll(EthernetClient)
 .text._ZN7Network10emailAlertEv
                0x00006cde      0x294 ./lib/Network.o
                0x00006cde                Network::emailAlert()
 .text._ZN7Network10emailCheckEv
                0x00006f72       0xac ./lib/Network.o
                0x00006f72                Network::emailCheck()
 .text._ZN7Network5checkEv
                0x0000701e      0x584 ./lib/Network.o
                0x0000701e                Network::check()
 .text._ZN7Network11setupCommonEv
                0x000075a2       0xd8 ./lib/Network.o
                0x000075a2                Network::setupCommon()
 .text._ZN7Network5setupEP15NetworkStruct_t
                0x0000767a      0x134 ./lib/Network.o
                0x0000767a                Network::setup(NetworkStruct_t*)
 .text._ZN7NetworkC1Ev
                0x000077ae       0x3c ./lib/Network.o
                0x000077ae                Network::Network()
 .text._ZN8Password3setEPc
                0x000077ea       0x2e ./lib/Password.o
                0x000077ea                Password::set(char*)
 .text._ZN8Password6appendEc
                0x00007818       0x70 ./lib/Password.o
                0x00007818                Password::append(char)
 .text._ZN8Password5resetEv
                0x00007888       0x38 ./lib/Password.o
                0x00007888                Password::reset()
 .text._ZN8PasswordC1EPc
                0x000078c0       0x38 ./lib/Password.o
                0x000078c0                Password::Password(char*)
 .text._ZN8Password8evaluateEv
                0x000078f8       0xa6 ./lib/Password.o
                0x000078f8                Password::evaluate()
 .text._ZN6Remote9switchingEv
                0x0000799e      0x21a ./lib/Remote.o
                0x0000799e                Remote::switching()
 .text._ZN6Remote5checkEv
                0x00007bb8       0x8c ./lib/Remote.o
                0x00007bb8                Remote::check()
 .text._ZN6Remote11setupCommonEv
                0x00007c44       0xe0 ./lib/Remote.o
                0x00007c44                Remote::setupCommon()
 .text._ZN6Remote5setupEP14RemoteStruct_t
                0x00007d24       0x56 ./lib/Remote.o
                0x00007d24                Remote::setup(RemoteStruct_t*)
 .text._ZN6RemoteC1Ev
                0x00007d7a       0x72 ./lib/Remote.o
                0x00007d7a                Remote::Remote()
 .text._ZN11TimedSwitch2onEm
                0x00007dec       0x7a ./lib/TimedSwitch.o
                0x00007dec                TimedSwitch::on(unsigned long)
 .text._ZN11TimedSwitch9noInterOnEm
                0x00007e66       0x82 ./lib/TimedSwitch.o
                0x00007e66                TimedSwitch::noInterOn(unsigned long)
 .text._ZN11TimedSwitch6statusEv
                0x00007ee8       0x2e ./lib/TimedSwitch.o
                0x00007ee8                TimedSwitch::status()
 .text._ZN11TimedSwitch3offEv
                0x00007f16       0x5a ./lib/TimedSwitch.o
                0x00007f16                TimedSwitch::off()
 .text._ZN11TimedSwitch2onEv
                0x00007f70       0x60 ./lib/TimedSwitch.o
                0x00007f70                TimedSwitch::on()
 .text._ZN11TimedSwitch5checkEv
                0x00007fd0       0xda ./lib/TimedSwitch.o
                0x00007fd0                TimedSwitch::check()
 .text._ZN11TimedSwitchC1Ev
                0x000080aa       0x24 ./lib/TimedSwitch.o
                0x000080aa                TimedSwitch::TimedSwitch()
 .text._ZN11TimedSwitch11setupCommonEv
                0x000080ce       0x4a ./lib/TimedSwitch.o
                0x000080ce                TimedSwitch::setupCommon()
 .text._ZN11TimedSwitch5setupEh
                0x00008118       0x2c ./lib/TimedSwitch.o
                0x00008118                TimedSwitch::setup(unsigned char)
 .text._ZN7NetworkD1Ev
                0x00008144       0x22 ./main.o
                0x00008144                Network::~Network()
 .text._ZN6RemoteD1Ev
                0x00008166       0x22 ./main.o
                0x00008166                Remote::~Remote()
 .text._ZN8HomeAutoD1Ev
                0x00008188       0x2e ./main.o
                0x00008188                HomeAuto::~HomeAuto()
 .text._ZN8AlarmSubD1Ev
                0x000081b6       0x2c ./main.o
                0x000081b6                AlarmSub::~AlarmSub()
 .text._ZN11AlarmSystemD1Ev
                0x000081e2       0x48 ./main.o
                0x000081e2                AlarmSystem::~AlarmSystem()
 .text._Z41__static_initialization_and_destruction_0ii
                0x0000822a      0x1f6 ./main.o
 .text._GLOBAL__D_alarmSensorTotal
                0x00008420       0x1a ./main.o
 .text._GLOBAL__I_alarmSensorTotal
                0x0000843a       0x1a ./main.o
 .text.loop     0x00008454       0x36 ./main.o
                0x00008454                loop
 .text.setup    0x0000848a       0x52 ./main.o
                0x0000848a                setup
 .text._Z13checkPasswordv
                0x000084dc       0x82 ./main.o
                0x000084dc                checkPassword()
 .text._Z11keypadEventc
                0x0000855e       0x8a ./main.o
                0x0000855e                keypadEvent(char)
 .text._Z11serialEventv
                0x000085e8        0x2 C:\Users\SkullKill\git\skaccessLocal\ArduinoLibrary\2560_16MHz\libArduinoLibrary.a(HardwareSerial.o)
                0x000085e8                serialEvent()
 .text.__vector_25
                0x000085ea       0x70 C:\Users\SkullKill\git\skaccessLocal\ArduinoLibrary\2560_16MHz\libArduinoLibrary.a(HardwareSerial.o)
                0x000085ea                __vector_25
 .text._Z12serialEvent1v
                0x0000865a        0x2 C:\Users\SkullKill\git\skaccessLocal\ArduinoLibrary\2560_16MHz\libArduinoLibrary.a(HardwareSerial.o)
                0x0000865a                serialEvent1()
 .text.__vector_36
                0x0000865c       0x70 C:\Users\SkullKill\git\skaccessLocal\ArduinoLibrary\2560_16MHz\libArduinoLibrary.a(HardwareSerial.o)
                0x0000865c                __vector_36
 .text._Z12serialEvent2v
                0x000086cc        0x2 C:\Users\SkullKill\git\skaccessLocal\ArduinoLibrary\2560_16MHz\libArduinoLibrary.a(HardwareSerial.o)
                0x000086cc                serialEvent2()
 .text.__vector_51
                0x000086ce       0x70 C:\Users\SkullKill\git\skaccessLocal\ArduinoLibrary\2560_16MHz\libArduinoLibrary.a(HardwareSerial.o)
                0x000086ce                __vector_51
 .text._Z12serialEvent3v
                0x0000873e        0x2 C:\Users\SkullKill\git\skaccessLocal\ArduinoLibrary\2560_16MHz\libArduinoLibrary.a(HardwareSerial.o)
                0x0000873e                serialEvent3()
 .text.__vector_54
                0x00008740       0x70 C:\Users\SkullKill\git\skaccessLocal\ArduinoLibrary\2560_16MHz\libArduinoLibrary.a(HardwareSerial.o)
                0x00008740                __vector_54
 .text._Z14serialEventRunv
                0x000087b0       0x92 C:\Users\SkullKill\git\skaccessLocal\ArduinoLibrary\2560_16MHz\libArduinoLibrary.a(HardwareSerial.o)
                0x000087b0                serialEventRun()
 .text.__vector_26
                0x00008842       0x7e C:\Users\SkullKill\git\skaccessLocal\ArduinoLibrary\2560_16MHz\libArduinoLibrary.a(HardwareSerial.o)
                0x00008842                __vector_26
 .text.__vector_37
                0x000088c0       0x7e C:\Users\SkullKill\git\skaccessLocal\ArduinoLibrary\2560_16MHz\libArduinoLibrary.a(HardwareSerial.o)
                0x000088c0                __vector_37
 .text.__vector_52
                0x0000893e       0x7e C:\Users\SkullKill\git\skaccessLocal\ArduinoLibrary\2560_16MHz\libArduinoLibrary.a(HardwareSerial.o)
                0x0000893e                __vector_52
 .text.__vector_55
                0x000089bc       0x7e C:\Users\SkullKill\git\skaccessLocal\ArduinoLibrary\2560_16MHz\libArduinoLibrary.a(HardwareSerial.o)
                0x000089bc                __vector_55
 .text._ZN14HardwareSerial5beginEm
                0x00008a3a      0x10c C:\Users\SkullKill\git\skaccessLocal\ArduinoLibrary\2560_16MHz\libArduinoLibrary.a(HardwareSerial.o)
                0x00008a3a                HardwareSerial::begin(unsigned long)
 .text._ZN14HardwareSerial9availableEv
                0x00008b46       0x22 C:\Users\SkullKill\git\skaccessLocal\ArduinoLibrary\2560_16MHz\libArduinoLibrary.a(HardwareSerial.o)
                0x00008b46                HardwareSerial::available()
 .text._ZN14HardwareSerial4peekEv
                0x00008b68       0x40 C:\Users\SkullKill\git\skaccessLocal\ArduinoLibrary\2560_16MHz\libArduinoLibrary.a(HardwareSerial.o)
                0x00008b68                HardwareSerial::peek()
 .text._ZN14HardwareSerial4readEv
                0x00008ba8       0x52 C:\Users\SkullKill\git\skaccessLocal\ArduinoLibrary\2560_16MHz\libArduinoLibrary.a(HardwareSerial.o)
                0x00008ba8                HardwareSerial::read()
 .text._ZN14HardwareSerial5flushEv
                0x00008bfa       0x24 C:\Users\SkullKill\git\skaccessLocal\ArduinoLibrary\2560_16MHz\libArduinoLibrary.a(HardwareSerial.o)
                0x00008bfa                HardwareSerial::flush()
 .text._ZN14HardwareSerial5writeEh
                0x00008c1e       0x72 C:\Users\SkullKill\git\skaccessLocal\ArduinoLibrary\2560_16MHz\libArduinoLibrary.a(HardwareSerial.o)
                0x00008c1e                HardwareSerial::write(unsigned char)
 .text._GLOBAL__I_rx_buffer
                0x00008c90      0x23c C:\Users\SkullKill\git\skaccessLocal\ArduinoLibrary\2560_16MHz\libArduinoLibrary.a(HardwareSerial.o)
 .text._ZN9IPAddressC1Ehhhh
                0x00008ecc       0x18 C:\Users\SkullKill\git\skaccessLocal\ArduinoLibrary\2560_16MHz\libArduinoLibrary.a(IPAddress.o)
                0x00008ecc                IPAddress::IPAddress(unsigned char, unsigned char, unsigned char, unsigned char)
 .text._GLOBAL__I__ZN9IPAddressC2Ev
                0x00008ee4       0x1e C:\Users\SkullKill\git\skaccessLocal\ArduinoLibrary\2560_16MHz\libArduinoLibrary.a(IPAddress.o)
 .text._ZNK9IPAddress7printToER5Print
                0x00008f02       0x84 C:\Users\SkullKill\git\skaccessLocal\ArduinoLibrary\2560_16MHz\libArduinoLibrary.a(IPAddress.o)
                0x00008f02                IPAddress::printTo(Print&) const
 .text._ZN9IPAddressaSEPKh
                0x00008f86       0x1a C:\Users\SkullKill\git\skaccessLocal\ArduinoLibrary\2560_16MHz\libArduinoLibrary.a(IPAddress.o)
                0x00008f86                IPAddress::operator=(unsigned char const*)
 .text._ZN9IPAddressC1EPKh
                0x00008fa0       0x22 C:\Users\SkullKill\git\skaccessLocal\ArduinoLibrary\2560_16MHz\libArduinoLibrary.a(IPAddress.o)
                0x00008fa0                IPAddress::IPAddress(unsigned char const*)
 .text._ZN9IPAddressC1Ev
                0x00008fc2       0x14 C:\Users\SkullKill\git\skaccessLocal\ArduinoLibrary\2560_16MHz\libArduinoLibrary.a(IPAddress.o)
                0x00008fc2                IPAddress::IPAddress()
 .text._ZN5Print5writeEPKhj
                0x00008fd6       0x54 C:\Users\SkullKill\git\skaccessLocal\ArduinoLibrary\2560_16MHz\libArduinoLibrary.a(Print.o)
                0x00008fd6                Print::write(unsigned char const*, unsigned int)
 .text._ZN5Print5printEc
                0x0000902a       0x10 C:\Users\SkullKill\git\skaccessLocal\ArduinoLibrary\2560_16MHz\libArduinoLibrary.a(Print.o)
                0x0000902a                Print::print(char)
 .text._ZN5Print7printlnEv
                0x0000903a       0x40 C:\Users\SkullKill\git\skaccessLocal\ArduinoLibrary\2560_16MHz\libArduinoLibrary.a(Print.o)
                0x0000903a                Print::println()
 .text._ZN5Print7printlnEc
                0x0000907a       0x30 C:\Users\SkullKill\git\skaccessLocal\ArduinoLibrary\2560_16MHz\libArduinoLibrary.a(Print.o)
                0x0000907a                Print::println(char)
 .text._ZN5Print7printlnERK9Printable
                0x000090aa       0x34 C:\Users\SkullKill\git\skaccessLocal\ArduinoLibrary\2560_16MHz\libArduinoLibrary.a(Print.o)
                0x000090aa                Print::println(Printable const&)
 .text._ZN5Print11printNumberEmh
                0x000090de       0xc8 C:\Users\SkullKill\git\skaccessLocal\ArduinoLibrary\2560_16MHz\libArduinoLibrary.a(Print.o)
                0x000090de                Print::printNumber(unsigned long, unsigned char)
 .text._ZN5Print5printEmi
                0x000091a6       0x1e C:\Users\SkullKill\git\skaccessLocal\ArduinoLibrary\2560_16MHz\libArduinoLibrary.a(Print.o)
                0x000091a6                Print::print(unsigned long, int)
 .text._ZN5Print7printlnEmi
                0x000091c4       0x28 C:\Users\SkullKill\git\skaccessLocal\ArduinoLibrary\2560_16MHz\libArduinoLibrary.a(Print.o)
                0x000091c4                Print::println(unsigned long, int)
 .text._ZN5Print5printEhi
                0x000091ec       0x24 C:\Users\SkullKill\git\skaccessLocal\ArduinoLibrary\2560_16MHz\libArduinoLibrary.a(Print.o)
                0x000091ec                Print::print(unsigned char, int)
 .text._ZN5Print7printlnEhi
                0x00009210       0x3c C:\Users\SkullKill\git\skaccessLocal\ArduinoLibrary\2560_16MHz\libArduinoLibrary.a(Print.o)
                0x00009210                Print::println(unsigned char, int)
 .text._ZN5Print5printEPKc
                0x0000924c        0x6 C:\Users\SkullKill\git\skaccessLocal\ArduinoLibrary\2560_16MHz\libArduinoLibrary.a(Print.o)
                0x0000924c                Print::print(char const*)
 .text._ZN5Print7printlnEPKc
                0x00009252       0x26 C:\Users\SkullKill\git\skaccessLocal\ArduinoLibrary\2560_16MHz\libArduinoLibrary.a(Print.o)
                0x00009252                Print::println(char const*)
 .text._ZN5Print5printERK6String
                0x00009278       0x66 C:\Users\SkullKill\git\skaccessLocal\ArduinoLibrary\2560_16MHz\libArduinoLibrary.a(Print.o)
                0x00009278                Print::print(String const&)
 .text._ZN5Print7printlnERK6String
                0x000092de       0x28 C:\Users\SkullKill\git\skaccessLocal\ArduinoLibrary\2560_16MHz\libArduinoLibrary.a(Print.o)
                0x000092de                Print::println(String const&)
 .text._Z12disableTimerh
                0x00009306       0x66 C:\Users\SkullKill\git\skaccessLocal\ArduinoLibrary\2560_16MHz\libArduinoLibrary.a(Tone.o)
                0x00009306                disableTimer(unsigned char)
 .text._Z6noToneh
                0x0000936c       0x2e C:\Users\SkullKill\git\skaccessLocal\ArduinoLibrary\2560_16MHz\libArduinoLibrary.a(Tone.o)
                0x0000936c                noTone(unsigned char)
 .text.__vector_13
                0x0000939a       0xc0 C:\Users\SkullKill\git\skaccessLocal\ArduinoLibrary\2560_16MHz\libArduinoLibrary.a(Tone.o)
                0x0000939a                __vector_13
 .text._Z4tonehjm
                0x0000945a      0x5f2 C:\Users\SkullKill\git\skaccessLocal\ArduinoLibrary\2560_16MHz\libArduinoLibrary.a(Tone.o)
                0x0000945a                tone(unsigned char, unsigned int, unsigned long)
 .text._ZNK6StringixEj
                0x00009a4c       0x22 C:\Users\SkullKill\git\skaccessLocal\ArduinoLibrary\2560_16MHz\libArduinoLibrary.a(WString.o)
                0x00009a4c                String::operator[](unsigned int) const
 .text._ZNK6String8getBytesEPhjj
                0x00009a6e       0x5a C:\Users\SkullKill\git\skaccessLocal\ArduinoLibrary\2560_16MHz\libArduinoLibrary.a(WString.o)
                0x00009a6e                String::getBytes(unsigned char*, unsigned int, unsigned int) const
 .text._ZN6String12changeBufferEj
                0x00009ac8       0x34 C:\Users\SkullKill\git\skaccessLocal\ArduinoLibrary\2560_16MHz\libArduinoLibrary.a(WString.o)
                0x00009ac8                String::changeBuffer(unsigned int)
 .text._ZN6String7reserveEj
                0x00009afc       0x38 C:\Users\SkullKill\git\skaccessLocal\ArduinoLibrary\2560_16MHz\libArduinoLibrary.a(WString.o)
                0x00009afc                String::reserve(unsigned int)
 .text._ZN6String6concatEPKcj
                0x00009b34       0x5a C:\Users\SkullKill\git\skaccessLocal\ArduinoLibrary\2560_16MHz\libArduinoLibrary.a(WString.o)
                0x00009b34                String::concat(char const*, unsigned int)
 .text._ZN6String6concatEi
                0x00009b8e       0x62 C:\Users\SkullKill\git\skaccessLocal\ArduinoLibrary\2560_16MHz\libArduinoLibrary.a(WString.o)
                0x00009b8e                String::concat(int)
 .text._ZN6String6concatEh
                0x00009bf0       0x58 C:\Users\SkullKill\git\skaccessLocal\ArduinoLibrary\2560_16MHz\libArduinoLibrary.a(WString.o)
                0x00009bf0                String::concat(unsigned char)
 .text._ZN6String6concatEPKc
                0x00009c48       0x20 C:\Users\SkullKill\git\skaccessLocal\ArduinoLibrary\2560_16MHz\libArduinoLibrary.a(WString.o)
                0x00009c48                String::concat(char const*)
 .text._ZN6String6concatERKS_
                0x00009c68       0x10 C:\Users\SkullKill\git\skaccessLocal\ArduinoLibrary\2560_16MHz\libArduinoLibrary.a(WString.o)
                0x00009c68                String::concat(String const&)
 .text._ZN6String10invalidateEv
                0x00009c78       0x24 C:\Users\SkullKill\git\skaccessLocal\ArduinoLibrary\2560_16MHz\libArduinoLibrary.a(WString.o)
                0x00009c78                String::invalidate()
 .text._ZN6String4copyEPKcj
                0x00009c9c       0x42 C:\Users\SkullKill\git\skaccessLocal\ArduinoLibrary\2560_16MHz\libArduinoLibrary.a(WString.o)
                0x00009c9c                String::copy(char const*, unsigned int)
 .text._ZN6StringC1EPKc
                0x00009cde       0x34 C:\Users\SkullKill\git\skaccessLocal\ArduinoLibrary\2560_16MHz\libArduinoLibrary.a(WString.o)
                0x00009cde                String::String(char const*)
 .text._ZN6StringaSEPKc
                0x00009d12       0x32 C:\Users\SkullKill\git\skaccessLocal\ArduinoLibrary\2560_16MHz\libArduinoLibrary.a(WString.o)
                0x00009d12                String::operator=(char const*)
 .text._ZN6StringC1Eih
                0x00009d44       0x62 C:\Users\SkullKill\git\skaccessLocal\ArduinoLibrary\2560_16MHz\libArduinoLibrary.a(WString.o)
                0x00009d44                String::String(int, unsigned char)
 .text._ZN6StringC1Ehh
                0x00009da6       0x64 C:\Users\SkullKill\git\skaccessLocal\ArduinoLibrary\2560_16MHz\libArduinoLibrary.a(WString.o)
                0x00009da6                String::String(unsigned char, unsigned char)
 .text._ZN6StringD1Ev
                0x00009e0a        0xc C:\Users\SkullKill\git\skaccessLocal\ArduinoLibrary\2560_16MHz\libArduinoLibrary.a(WString.o)
                0x00009e0a                String::~String()
 .text.main     0x00009e16       0x1e C:\Users\SkullKill\git\skaccessLocal\ArduinoLibrary\2560_16MHz\libArduinoLibrary.a(main.o)
                0x00009e16                main
 .text.__cxa_pure_virtual
                0x00009e34        0x2 C:\Users\SkullKill\git\skaccessLocal\ArduinoLibrary\2560_16MHz\libArduinoLibrary.a(new.o)
                0x00009e34                __cxa_pure_virtual
 .text.__vector_23
                0x00009e36       0x90 C:\Users\SkullKill\git\skaccessLocal\ArduinoLibrary\2560_16MHz\libArduinoLibrary.a(wiring.o)
                0x00009e36                __vector_23
 .text.millis   0x00009ec6       0x1c C:\Users\SkullKill\git\skaccessLocal\ArduinoLibrary\2560_16MHz\libArduinoLibrary.a(wiring.o)
                0x00009ec6                millis
 .text.micros   0x00009ee2       0x4c C:\Users\SkullKill\git\skaccessLocal\ArduinoLibrary\2560_16MHz\libArduinoLibrary.a(wiring.o)
                0x00009ee2                micros
 .text.delay    0x00009f2e       0x4c C:\Users\SkullKill\git\skaccessLocal\ArduinoLibrary\2560_16MHz\libArduinoLibrary.a(wiring.o)
                0x00009f2e                delay
 .text.delayMicroseconds
                0x00009f7a       0x14 C:\Users\SkullKill\git\skaccessLocal\ArduinoLibrary\2560_16MHz\libArduinoLibrary.a(wiring.o)
                0x00009f7a                delayMicroseconds
 .text.init     0x00009f8e       0xc4 C:\Users\SkullKill\git\skaccessLocal\ArduinoLibrary\2560_16MHz\libArduinoLibrary.a(wiring.o)
                0x00009f8e                init
 .text.analogRead
                0x0000a052       0x68 C:\Users\SkullKill\git\skaccessLocal\ArduinoLibrary\2560_16MHz\libArduinoLibrary.a(wiring_analog.o)
                0x0000a052                analogRead
 .text.pinMode  0x0000a0ba       0x7e C:\Users\SkullKill\git\skaccessLocal\ArduinoLibrary\2560_16MHz\libArduinoLibrary.a(wiring_digital.o)
                0x0000a0ba                pinMode
 .text.turnOffPWM
                0x0000a138       0xe8 C:\Users\SkullKill\git\skaccessLocal\ArduinoLibrary\2560_16MHz\libArduinoLibrary.a(wiring_digital.o)
 .text.digitalWrite
                0x0000a220       0x66 C:\Users\SkullKill\git\skaccessLocal\ArduinoLibrary\2560_16MHz\libArduinoLibrary.a(wiring_digital.o)
                0x0000a220                digitalWrite
 .text.digitalRead
                0x0000a286       0x60 C:\Users\SkullKill\git\skaccessLocal\ArduinoLibrary\2560_16MHz\libArduinoLibrary.a(wiring_digital.o)
                0x0000a286                digitalRead
 .text.avr-libc.fplib
                0x0000a2e6        0xa c:/winavr-20100110/bin/../lib/gcc/avr/4.3.3/../../../../avr/lib/avr6\libm.a(addsf3.o)
                0x0000a2e6                __subsf3
                0x0000a2e8                __addsf3
 .text.avr-libc.fplib
                0x0000a2f0       0xc0 c:/winavr-20100110/bin/../lib/gcc/avr/4.3.3/../../../../avr/lib/avr6\libm.a(addsf3x.o)
                0x0000a30a                __addsf3x
 .text.avr-libc.fplib
                0x0000a3b0        0x4 c:/winavr-20100110/bin/../lib/gcc/avr/4.3.3/../../../../avr/lib/avr6\libm.a(divsf3.o)
                0x0000a3b0                __divsf3
 .text.avr-libc.fplib
                0x0000a3b4       0xcc c:/winavr-20100110/bin/../lib/gcc/avr/4.3.3/../../../../avr/lib/avr6\libm.a(divsf3x.o)
                0x0000a3ca                __divsf3x
                0x0000a3ce                __divsf3_pse
 .text.avr-libc.fplib
                0x0000a480       0x7a c:/winavr-20100110/bin/../lib/gcc/avr/4.3.3/../../../../avr/lib/avr6\libm.a(floatsisf.o)
                0x0000a484                __floatsisf
                0x0000a480                __floatunsisf
 .text.avr-libc.fplib
                0x0000a4fa        0xc c:/winavr-20100110/bin/../lib/gcc/avr/4.3.3/../../../../avr/lib/avr6\libm.a(fp_inf.o)
                0x0000a4fa                __fp_inf
 .text.avr-libc.fplib
                0x0000a506        0x6 c:/winavr-20100110/bin/../lib/gcc/avr/4.3.3/../../../../avr/lib/avr6\libm.a(fp_nan.o)
                0x0000a506                __fp_nan
 .text.avr-libc.fplib
                0x0000a50c        0xe c:/winavr-20100110/bin/../lib/gcc/avr/4.3.3/../../../../avr/lib/avr6\libm.a(fp_pscA.o)
                0x0000a50c                __fp_pscA
 .text.avr-libc.fplib
                0x0000a51a        0xe c:/winavr-20100110/bin/../lib/gcc/avr/4.3.3/../../../../avr/lib/avr6\libm.a(fp_pscB.o)
                0x0000a51a                __fp_pscB
 .text.avr-libc.fplib
                0x0000a528       0x22 c:/winavr-20100110/bin/../lib/gcc/avr/4.3.3/../../../../avr/lib/avr6\libm.a(fp_round.o)
                0x0000a528                __fp_round
 .text.avr-libc.fplib
                0x0000a54a       0x44 c:/winavr-20100110/bin/../lib/gcc/avr/4.3.3/../../../../avr/lib/avr6\libm.a(fp_split3.o)
                0x0000a54a                __fp_split3
                0x0000a55a                __fp_splitA
 .text.avr-libc.fplib
                0x0000a58e        0xe c:/winavr-20100110/bin/../lib/gcc/avr/4.3.3/../../../../avr/lib/avr6\libm.a(fp_zero.o)
                0x0000a58e                __fp_zero
                0x0000a590                __fp_szero
 .text.avr-libc.fplib
                0x0000a59c        0xc c:/winavr-20100110/bin/../lib/gcc/avr/4.3.3/../../../../avr/lib/avr6\libm.a(log10.o)
                0x0000a59c                log10
 .text.avr-libc.fplib
                0x0000a5a8       0x8a c:/winavr-20100110/bin/../lib/gcc/avr/4.3.3/../../../../avr/lib/avr6\libm.a(log.o)
                0x0000a5b2                log
 .text.avr-libc.fplib
                0x0000a632        0x4 c:/winavr-20100110/bin/../lib/gcc/avr/4.3.3/../../../../avr/lib/avr6\libm.a(mulsf3.o)
                0x0000a632                __mulsf3
 .text.avr-libc.fplib
                0x0000a636       0xc2 c:/winavr-20100110/bin/../lib/gcc/avr/4.3.3/../../../../avr/lib/avr6\libm.a(mulsf3x.o)
                0x0000a64e                __mulsf3_pse
                0x0000a64a                __mulsf3x
 .text.avr-libc.fplib
                0x0000a6f8       0x98 c:/winavr-20100110/bin/../lib/gcc/avr/4.3.3/../../../../avr/lib/avr6\libm.a(pow.o)
                0x0000a6f8                pow
 .text.avr-libc.fplib
                0x0000a790       0x62 c:/winavr-20100110/bin/../lib/gcc/avr/4.3.3/../../../../avr/lib/avr6\libm.a(exp.o)
                0x0000a79a                exp
 .text.avr-libc.fplib
                0x0000a7f2       0x1c c:/winavr-20100110/bin/../lib/gcc/avr/4.3.3/../../../../avr/lib/avr6\libm.a(fp_mpack.o)
                0x0000a7f6                __fp_mpack_finite
                0x0000a7f2                __fp_mpack
 .text.avr-libc.fplib
                0x0000a80e       0x4a c:/winavr-20100110/bin/../lib/gcc/avr/4.3.3/../../../../avr/lib/avr6\libm.a(fp_powser.o)
                0x0000a80e                __fp_powser
 .text.avr-libc.fplib
                0x0000a858        0xe c:/winavr-20100110/bin/../lib/gcc/avr/4.3.3/../../../../avr/lib/avr6\libm.a(inverse.o)
                0x0000a858                inverse
 .text.avr-libc.fplib
                0x0000a866       0x6c c:/winavr-20100110/bin/../lib/gcc/avr/4.3.3/../../../../avr/lib/avr6\libm.a(ldexp.o)
                0x0000a86a                ldexp
 .text.avr-libc.fplib
                0x0000a8d2       0x66 c:/winavr-20100110/bin/../lib/gcc/avr/4.3.3/../../../../avr/lib/avr6\libm.a(modf.o)
                0x0000a8d2                modff
                0x0000a8d2                modf
 .text.libgcc   0x0000a938       0x3e c:/winavr-20100110/bin/../lib/gcc/avr/4.3.3/avr6\libgcc.a(_mulsi3.o)
                0x0000a938                __mulsi3
 .text.libgcc   0x0000a976       0x44 c:/winavr-20100110/bin/../lib/gcc/avr/4.3.3/avr6\libgcc.a(_udivmodsi4.o)
                0x0000a976                __udivmodsi4
 .text.libgcc   0x0000a9ba        0xc c:/winavr-20100110/bin/../lib/gcc/avr/4.3.3/avr6\libgcc.a(_tablejump.o)
                0x0000a9be                __tablejump__
                0x0000a9ba                __tablejump2__
 .text.avr-libc
                0x0000a9c6       0x42 c:/winavr-20100110/bin/../lib/gcc/avr/4.3.3/../../../../avr/lib/avr6\libc.a(dtostrf.o)
                0x0000a9c6                dtostrf
 .text.avr-libc
                0x0000aa08      0x20a c:/winavr-20100110/bin/../lib/gcc/avr/4.3.3/../../../../avr/lib/avr6\libc.a(malloc.o)
                0x0000aa08                malloc
                0x0000ab62                free
 .text.avr-libc
                0x0000ac12      0x1b8 c:/winavr-20100110/bin/../lib/gcc/avr/4.3.3/../../../../avr/lib/avr6\libc.a(realloc.o)
                0x0000ac12                realloc
 .text.avr-libc
                0x0000adca       0x12 c:/winavr-20100110/bin/../lib/gcc/avr/4.3.3/../../../../avr/lib/avr6\libc.a(memcpy.o)
                0x0000adca                memcpy
 .text.avr-libc
                0x0000addc        0xe c:/winavr-20100110/bin/../lib/gcc/avr/4.3.3/../../../../avr/lib/avr6\libc.a(strcpy.o)
                0x0000addc                strcpy
 .text.avr-libc
                0x0000adea       0x12 c:/winavr-20100110/bin/../lib/gcc/avr/4.3.3/../../../../avr/lib/avr6\libc.a(strlen.o)
                0x0000adea                strlen
 .text.avr-libc
                0x0000adfc       0x1e c:/winavr-20100110/bin/../lib/gcc/avr/4.3.3/../../../../avr/lib/avr6\libc.a(strncpy.o)
                0x0000adfc                strncpy
 .text.avr-libc
                0x0000ae1a       0x34 c:/winavr-20100110/bin/../lib/gcc/avr/4.3.3/../../../../avr/lib/avr6\libc.a(strstr.o)
                0x0000ae1a                strstr
 .text.avr-libc
                0x0000ae4e       0x42 c:/winavr-20100110/bin/../lib/gcc/avr/4.3.3/../../../../avr/lib/avr6\libc.a(itoa.o)
                0x0000ae4e                itoa
 .text.avr-libc
                0x0000ae90       0x2c c:/winavr-20100110/bin/../lib/gcc/avr/4.3.3/../../../../avr/lib/avr6\libc.a(utoa.o)
                0x0000ae90                utoa
 .text.avr-libc
                0x0000aebc      0x304 c:/winavr-20100110/bin/../lib/gcc/avr/4.3.3/../../../../avr/lib/avr6\libc.a(dtoa_prf.o)
                0x0000aebc                dtoa_prf
 .text.avr-libc
                0x0000b1c0      0x1b0 c:/winavr-20100110/bin/../lib/gcc/avr/4.3.3/../../../../avr/lib/avr6\libc.a(ftoa_engine.o)
                0x0000b1c0                __ftoa_engine
 .text.avr-libc
                0x0000b370       0x20 c:/winavr-20100110/bin/../lib/gcc/avr/4.3.3/../../../../avr/lib/avr6\libc.a(strrev.o)
                0x0000b370                strrev
 .text.libgcc   0x0000b390       0x28 c:/winavr-20100110/bin/../lib/gcc/avr/4.3.3/avr6\libgcc.a(_udivmodhi4.o)
                0x0000b390                __udivmodhi4
                0x0000b3b8                . = ALIGN (0x2)
 *(.fini9)
 .fini9         0x0000b3b8        0x0 c:/winavr-20100110/bin/../lib/gcc/avr/4.3.3/avr6\libgcc.a(_exit.o)
                0x0000b3b8                exit
                0x0000b3b8                _exit
 *(.fini9)
 *(.fini8)
 *(.fini8)
 *(.fini7)
 *(.fini7)
 *(.fini6)
 .fini6         0x0000b3b8       0x16 c:/winavr-20100110/bin/../lib/gcc/avr/4.3.3/avr6\libgcc.a(_dtors.o)
                0x0000b3b8                __do_global_dtors
 *(.fini6)
 *(.fini5)
 *(.fini5)
 *(.fini4)
 *(.fini4)
 *(.fini3)
 *(.fini3)
 *(.fini2)
 *(.fini2)
 *(.fini1)
 *(.fini1)
 *(.fini0)
 .fini0         0x0000b3ce        0x4 c:/winavr-20100110/bin/../lib/gcc/avr/4.3.3/avr6\libgcc.a(_exit.o)
 *(.fini0)
                0x0000b3d2                _etext = .

.data           0x00800200      0x748 load address 0x0000b3d2
                0x00800200                PROVIDE (__data_start, .)
 *(.data)
 .data          0x00800200        0x7 ./lib/Syslog/Syslog.o
 .data          0x00800207      0x13a ./lib/AlarmSub.o
 .data          0x00800341       0x17 ./lib/AlarmSystem.o
 .data          0x00800358       0xb8 ./lib/HomeAuto.o
 .data          0x00800410      0x339 ./lib/Network.o
 .data          0x00800749       0x52 ./lib/Remote.o
 .data          0x0080079b       0x5e ./main.o
 .data          0x008007f9        0x6 c:/winavr-20100110/bin/../lib/gcc/avr/4.3.3/../../../../avr/lib/avr6\libc.a(malloc.o)
                0x008007fb                __malloc_heap_start
                0x008007fd                __malloc_heap_end
                0x008007f9                __malloc_margin
 *(.data*)
 .data._ZN14EthernetClient8_srcportE
                0x008007ff        0x2 ./lib/Ethernet/EthernetClient.o
                0x008007ff                EthernetClient::_srcport
 .data.alarmSensorTotal
                0x00800801        0x1 ./main.o
                0x00800801                alarmSensorTotal
 .data.armedPin
                0x00800802        0x1 ./main.o
                0x00800802                armedPin
 .data.powerPin
                0x00800803        0x1 ./main.o
                0x00800803                powerPin
 .data.buzzerPin
                0x00800804        0x1 ./main.o
                0x00800804                buzzerPin
 .data.buzzerFrequency
                0x00800805        0x2 ./main.o
                0x00800805                buzzerFrequency
 .data.buzzerDuration
                0x00800807        0x2 ./main.o
                0x00800807                buzzerDuration
 .data.sirenPinOutside
                0x00800809        0x1 ./main.o
                0x00800809                sirenPinOutside
 .data.sirenDurationOutside
                0x0080080a        0x1 ./main.o
                0x0080080a                sirenDurationOutside
 .data.sirenPinInside
                0x0080080b        0x1 ./main.o
                0x0080080b                sirenPinInside
 .data.sirenDurationInside
                0x0080080c        0x1 ./main.o
                0x0080080c                sirenDurationInside
 .data.strobePin
                0x0080080d        0x1 ./main.o
                0x0080080d                strobePin
 .data.garagePin
                0x0080080e        0x1 ./main.o
                0x0080080e                garagePin
 .data.lightPin
                0x0080080f        0x1 ./main.o
                0x0080080f                lightPin
 .data.lightDuration
                0x00800810        0x1 ./main.o
                0x00800810                lightDuration
 .data.pass     0x00800811        0x5 ./main.o
                0x00800811                pass
 .data.startRemotePin
                0x00800816        0x1 ./main.o
                0x00800816                startRemotePin
 .data.ip       0x00800817        0x4 ./main.o
                0x00800817                ip
 .data.dnsServer
                0x0080081b        0x4 ./main.o
                0x0080081b                dnsServer
 .data.gateway  0x0080081f        0x4 ./main.o
                0x0080081f                gateway
 .data.subnet   0x00800823        0x4 ./main.o
                0x00800823                subnet
 .data.mac      0x00800827        0x6 ./main.o
                0x00800827                mac
 .data.webPort  0x0080082d        0x1 ./main.o
                0x0080082d                webPort
 .data.secret   0x0080082e        0x9 ./main.o
                0x0080082e                secret
 .data.smtpServer
                0x00800837        0x4 ./main.o
                0x00800837                smtpServer
 .data.logHost  0x0080083b        0x4 ./main.o
                0x0080083b                logHost
 .data.networkStruct
                0x0080083f       0x16 ./main.o
                0x0080083f                networkStruct
 .data.alarmSubStruct
                0x00800855        0xd ./main.o
                0x00800855                alarmSubStruct
 .data.keys     0x00800862        0xc ./main.o
                0x00800862                keys
 .data.rowPins  0x0080086e        0x4 ./main.o
                0x0080086e                rowPins
 .data.colPins  0x00800872        0x3 ./main.o
                0x00800872                colPins
 .data.AlarmStruct
                0x00800875        0x8 ./main.o
                0x00800875                AlarmStruct
 .data._ZL9tone_pins
                0x0080087d        0x1 C:\Users\SkullKill\git\skaccessLocal\ArduinoLibrary\2560_16MHz\libArduinoLibrary.a(Tone.o)
 .data.analog_reference
                0x0080087e        0x1 C:\Users\SkullKill\git\skaccessLocal\ArduinoLibrary\2560_16MHz\libArduinoLibrary.a(wiring_analog.o)
                0x0080087e                analog_reference
 *(.rodata)
 *(.rodata*)
 .rodata._ZTV9Printable
                0x0080087f        0x6 ./lib/Ethernet/Dhcp.o
                0x0080087f                vtable for Printable
 .rodata._ZTV14EthernetClient
                0x00800885       0x1c ./lib/Ethernet/EthernetClient.o
                0x00800885                vtable for EthernetClient
 .rodata._ZTV6Client
                0x008008a1       0x1c ./lib/Ethernet/EthernetClient.o
                0x008008a1                vtable for Client
 .rodata._ZTV6Stream
                0x008008bd       0x10 ./lib/Ethernet/EthernetClient.o
                0x008008bd                vtable for Stream
 .rodata._ZTV14EthernetServer
                0x008008cd        0xa ./lib/Ethernet/EthernetServer.o
                0x008008cd                vtable for EthernetServer
 .rodata._ZTV6Server
                0x008008d7        0xa ./lib/Ethernet/EthernetServer.o
                0x008008d7                vtable for Server
 .rodata._ZTV11EthernetUDP
                0x008008e1       0x24 ./lib/Ethernet/EthernetUdp.o
                0x008008e1                vtable for EthernetUDP
 .rodata._ZTV3UDP
                0x00800905       0x24 ./lib/Ethernet/EthernetUdp.o
                0x00800905                vtable for UDP
 .rodata._ZTV14HardwareSerial
                0x00800929       0x10 C:\Users\SkullKill\git\skaccessLocal\ArduinoLibrary\2560_16MHz\libArduinoLibrary.a(HardwareSerial.o)
                0x00800929                vtable for HardwareSerial
 .rodata._ZTV9IPAddress
                0x00800939        0x6 C:\Users\SkullKill\git\skaccessLocal\ArduinoLibrary\2560_16MHz\libArduinoLibrary.a(IPAddress.o)
                0x00800939                vtable for IPAddress
 .rodata._ZTV5Print
                0x0080093f        0x8 C:\Users\SkullKill\git\skaccessLocal\ArduinoLibrary\2560_16MHz\libArduinoLibrary.a(Print.o)
                0x0080093f                vtable for Print
 *(.gnu.linkonce.d*)
                0x00800948                . = ALIGN (0x2)
 *fill*         0x00800947        0x1 00
                0x00800948                _edata = .
                0x00800948                PROVIDE (__data_end, .)

.bss            0x00800948      0x4b4
                0x00800948                PROVIDE (__bss_start, .)
 *(.bss)
 *(.bss*)
 .bss.SyslogUdp
                0x00800948       0x1b ./lib/Syslog/Syslog.o
                0x00800948                SyslogUdp
 .bss.Syslog    0x00800963        0x2 ./lib/Syslog/Syslog.o
                0x00800963                Syslog
 .bss._ZL11INADDR_NONE
                0x00800965        0x6 ./lib/Syslog/Syslog.o
 .bss._ZL10local_port
                0x0080096b        0x2 ./lib/Ethernet/utility/socket.o
 .bss.W5100     0x0080096d       0x10 ./lib/Ethernet/utility/w5100.o
                0x0080096d                W5100
 .bss._ZL11INADDR_NONE
                0x0080097d        0x6 ./lib/Ethernet/Dhcp.o
 .bss._ZL11INADDR_NONE
                0x00800983        0x6 ./lib/Ethernet/Dns.o
 .bss._ZN13EthernetClass12_server_portE
                0x00800989        0x8 ./lib/Ethernet/Ethernet.o
                0x00800989                EthernetClass::_server_port
 .bss.Ethernet  0x00800991        0x8 ./lib/Ethernet/Ethernet.o
                0x00800991                Ethernet
 .bss._ZL11INADDR_NONE
                0x00800999        0x6 ./lib/Ethernet/Ethernet.o
 .bss._ZL11INADDR_NONE
                0x0080099f        0x6 ./lib/Ethernet/EthernetClient.o
 .bss._ZL11INADDR_NONE
                0x008009a5        0x6 ./lib/Ethernet/EthernetServer.o
 .bss._ZL11INADDR_NONE
                0x008009ab        0x6 ./lib/Ethernet/EthernetUdp.o
 .bss._ZL11INADDR_NONE
                0x008009b1        0x6 ./lib/AlarmSub.o
 .bss._ZL11INADDR_NONE
                0x008009b7        0x6 ./lib/AlarmSystem.o
 .bss._ZL11INADDR_NONE
                0x008009bd        0x6 ./lib/Network.o
 .bss.sensorNames
                0x008009c3       0x23 ./main.o
                0x008009c3                sensorNames
 .bss.password  0x008009e6       0x17 ./main.o
                0x008009e6                password
 .bss.alarmSubSensorStruct
                0x008009fd        0x2 ./main.o
                0x008009fd                alarmSubSensorStruct
 .bss.homeAutoStruct2
                0x008009ff        0x4 ./main.o
                0x008009ff                homeAutoStruct2
 .bss.homeAutoStruct
                0x00800a03        0x4 ./main.o
                0x00800a03                homeAutoStruct
 .bss.keypad    0x00800a07       0x14 ./main.o
                0x00800a07                keypad
 .bss.HomeAlarm
                0x00800a1b      0x102 ./main.o
                0x00800a1b                HomeAlarm
 .bss._ZL11INADDR_NONE
                0x00800b1d        0x6 ./main.o
 .bss.rx_buffer
                0x00800b23       0x44 C:\Users\SkullKill\git\skaccessLocal\ArduinoLibrary\2560_16MHz\libArduinoLibrary.a(HardwareSerial.o)
                0x00800b23                rx_buffer
 .bss.tx_buffer
                0x00800b67       0x44 C:\Users\SkullKill\git\skaccessLocal\ArduinoLibrary\2560_16MHz\libArduinoLibrary.a(HardwareSerial.o)
                0x00800b67                tx_buffer
 .bss.rx_buffer1
                0x00800bab       0x44 C:\Users\SkullKill\git\skaccessLocal\ArduinoLibrary\2560_16MHz\libArduinoLibrary.a(HardwareSerial.o)
                0x00800bab                rx_buffer1
 .bss.tx_buffer1
                0x00800bef       0x44 C:\Users\SkullKill\git\skaccessLocal\ArduinoLibrary\2560_16MHz\libArduinoLibrary.a(HardwareSerial.o)
                0x00800bef                tx_buffer1
 .bss.rx_buffer2
                0x00800c33       0x44 C:\Users\SkullKill\git\skaccessLocal\ArduinoLibrary\2560_16MHz\libArduinoLibrary.a(HardwareSerial.o)
                0x00800c33                rx_buffer2
 .bss.tx_buffer2
                0x00800c77       0x44 C:\Users\SkullKill\git\skaccessLocal\ArduinoLibrary\2560_16MHz\libArduinoLibrary.a(HardwareSerial.o)
                0x00800c77                tx_buffer2
 .bss.rx_buffer3
                0x00800cbb       0x44 C:\Users\SkullKill\git\skaccessLocal\ArduinoLibrary\2560_16MHz\libArduinoLibrary.a(HardwareSerial.o)
                0x00800cbb                rx_buffer3
 .bss.tx_buffer3
                0x00800cff       0x44 C:\Users\SkullKill\git\skaccessLocal\ArduinoLibrary\2560_16MHz\libArduinoLibrary.a(HardwareSerial.o)
                0x00800cff                tx_buffer3
 .bss.Serial    0x00800d43       0x1f C:\Users\SkullKill\git\skaccessLocal\ArduinoLibrary\2560_16MHz\libArduinoLibrary.a(HardwareSerial.o)
                0x00800d43                Serial
 .bss.Serial1   0x00800d62       0x1f C:\Users\SkullKill\git\skaccessLocal\ArduinoLibrary\2560_16MHz\libArduinoLibrary.a(HardwareSerial.o)
                0x00800d62                Serial1
 .bss.Serial2   0x00800d81       0x1f C:\Users\SkullKill\git\skaccessLocal\ArduinoLibrary\2560_16MHz\libArduinoLibrary.a(HardwareSerial.o)
                0x00800d81                Serial2
 .bss.Serial3   0x00800da0       0x1f C:\Users\SkullKill\git\skaccessLocal\ArduinoLibrary\2560_16MHz\libArduinoLibrary.a(HardwareSerial.o)
                0x00800da0                Serial3
 .bss._ZL11INADDR_NONE
                0x00800dbf        0x6 C:\Users\SkullKill\git\skaccessLocal\ArduinoLibrary\2560_16MHz\libArduinoLibrary.a(IPAddress.o)
 .bss.timer0_toggle_count
                0x00800dc5        0x4 C:\Users\SkullKill\git\skaccessLocal\ArduinoLibrary\2560_16MHz\libArduinoLibrary.a(Tone.o)
                0x00800dc5                timer0_toggle_count
 .bss.timer0_pin_port
                0x00800dc9        0x2 C:\Users\SkullKill\git\skaccessLocal\ArduinoLibrary\2560_16MHz\libArduinoLibrary.a(Tone.o)
                0x00800dc9                timer0_pin_port
 .bss.timer0_pin_mask
                0x00800dcb        0x1 C:\Users\SkullKill\git\skaccessLocal\ArduinoLibrary\2560_16MHz\libArduinoLibrary.a(Tone.o)
                0x00800dcb                timer0_pin_mask
 .bss.timer1_toggle_count
                0x00800dcc        0x4 C:\Users\SkullKill\git\skaccessLocal\ArduinoLibrary\2560_16MHz\libArduinoLibrary.a(Tone.o)
                0x00800dcc                timer1_toggle_count
 .bss.timer1_pin_port
                0x00800dd0        0x2 C:\Users\SkullKill\git\skaccessLocal\ArduinoLibrary\2560_16MHz\libArduinoLibrary.a(Tone.o)
                0x00800dd0                timer1_pin_port
 .bss.timer1_pin_mask
                0x00800dd2        0x1 C:\Users\SkullKill\git\skaccessLocal\ArduinoLibrary\2560_16MHz\libArduinoLibrary.a(Tone.o)
                0x00800dd2                timer1_pin_mask
 .bss.timer2_toggle_count
                0x00800dd3        0x4 C:\Users\SkullKill\git\skaccessLocal\ArduinoLibrary\2560_16MHz\libArduinoLibrary.a(Tone.o)
                0x00800dd3                timer2_toggle_count
 .bss.timer2_pin_port
                0x00800dd7        0x2 C:\Users\SkullKill\git\skaccessLocal\ArduinoLibrary\2560_16MHz\libArduinoLibrary.a(Tone.o)
                0x00800dd7                timer2_pin_port
 .bss.timer2_pin_mask
                0x00800dd9        0x1 C:\Users\SkullKill\git\skaccessLocal\ArduinoLibrary\2560_16MHz\libArduinoLibrary.a(Tone.o)
                0x00800dd9                timer2_pin_mask
 .bss.timer3_toggle_count
                0x00800dda        0x4 C:\Users\SkullKill\git\skaccessLocal\ArduinoLibrary\2560_16MHz\libArduinoLibrary.a(Tone.o)
                0x00800dda                timer3_toggle_count
 .bss.timer3_pin_port
                0x00800dde        0x2 C:\Users\SkullKill\git\skaccessLocal\ArduinoLibrary\2560_16MHz\libArduinoLibrary.a(Tone.o)
                0x00800dde                timer3_pin_port
 .bss.timer3_pin_mask
                0x00800de0        0x1 C:\Users\SkullKill\git\skaccessLocal\ArduinoLibrary\2560_16MHz\libArduinoLibrary.a(Tone.o)
                0x00800de0                timer3_pin_mask
 .bss.timer4_toggle_count
                0x00800de1        0x4 C:\Users\SkullKill\git\skaccessLocal\ArduinoLibrary\2560_16MHz\libArduinoLibrary.a(Tone.o)
                0x00800de1                timer4_toggle_count
 .bss.timer4_pin_port
                0x00800de5        0x2 C:\Users\SkullKill\git\skaccessLocal\ArduinoLibrary\2560_16MHz\libArduinoLibrary.a(Tone.o)
                0x00800de5                timer4_pin_port
 .bss.timer4_pin_mask
                0x00800de7        0x1 C:\Users\SkullKill\git\skaccessLocal\ArduinoLibrary\2560_16MHz\libArduinoLibrary.a(Tone.o)
                0x00800de7                timer4_pin_mask
 .bss.timer5_toggle_count
                0x00800de8        0x4 C:\Users\SkullKill\git\skaccessLocal\ArduinoLibrary\2560_16MHz\libArduinoLibrary.a(Tone.o)
                0x00800de8                timer5_toggle_count
 .bss.timer5_pin_port
                0x00800dec        0x2 C:\Users\SkullKill\git\skaccessLocal\ArduinoLibrary\2560_16MHz\libArduinoLibrary.a(Tone.o)
                0x00800dec                timer5_pin_port
 .bss.timer5_pin_mask
                0x00800dee        0x1 C:\Users\SkullKill\git\skaccessLocal\ArduinoLibrary\2560_16MHz\libArduinoLibrary.a(Tone.o)
                0x00800dee                timer5_pin_mask
 .bss.timer0_overflow_count
                0x00800def        0x4 C:\Users\SkullKill\git\skaccessLocal\ArduinoLibrary\2560_16MHz\libArduinoLibrary.a(wiring.o)
                0x00800def                timer0_overflow_count
 .bss.timer0_millis
                0x00800df3        0x4 C:\Users\SkullKill\git\skaccessLocal\ArduinoLibrary\2560_16MHz\libArduinoLibrary.a(wiring.o)
                0x00800df3                timer0_millis
 .bss.timer0_fract
                0x00800df7        0x1 C:\Users\SkullKill\git\skaccessLocal\ArduinoLibrary\2560_16MHz\libArduinoLibrary.a(wiring.o)
 *(COMMON)
 COMMON         0x00800df8        0x4 c:/winavr-20100110/bin/../lib/gcc/avr/4.3.3/../../../../avr/lib/avr6\libc.a(malloc.o)
                0x00800df8                __brkval
                0x00800dfa                __flp
                0x00800dfc                PROVIDE (__bss_end, .)
                0x0000b3d2                __data_load_start = LOADADDR (.data)
                0x0000bb1a                __data_load_end = (__data_load_start + SIZEOF (.data))

.noinit         0x00800dfc        0x0